
==========================================================
PROCESSING: bottlenose_dolphin
==========================================================
Extracting...
Found GLTF:
/home/madil/kit-app-template/assets/cetaceans/bottlenose_dolphin/source/scene.gltf
======================================================================
IMPORTING
/home/madil/kit-app-template/assets/cetaceans/bottlenose_dolphin/source/scene.gltf
======================================================================
12:36:41 | INFO: Data are loaded, start creating Blender stuff
12:36:41 | INFO: Blender create Mesh node polySurface3_lambert5_0
12:36:41 | INFO: glTF import finished in 0.03s
glTF import: {'FINISHED'}

OBJECTS:
EMPTY: Sketchfab_model
EMPTY: GrandDolphine_LODa.fbx
EMPTY: RootNode
EMPTY: polySurface3
MESH: polySurface3_lambert5_0 dimensions=(0.1358, 0.4005, 0.134)

EXPORTING
/home/madil/kit-app-template/assets/cetaceans/bottlenose_dolphin/usd/bottlenose_dolphin.usd
USD export: {'FINISHED'}
======================================================================
DONE
/home/madil/kit-app-template/assets/cetaceans/bottlenose_dolphin/usd/bottlenose_dolphin.usd
======================================================================
Blender 5.0.1 (hash a3db93c5b259 built 2025-12-16 01:30:59)
USD export of '/home/madil/kit-app-template/assets/cetaceans/bottlenose_dolphin/usd/bottlenose_dolphin.usd' took 331.40 ms

Blender quit

Created:
-rw-rw-r-- 1 madil madil 1.5M Sep  7 12:36 /home/madil/kit-app-template/assets/cetaceans/bottlenose_dolphin/usd/bottlenose_dolphin.usd

==========================================================
PROCESSING: cuvier_whale
==========================================================
Extracting...
Found GLTF:
/home/madil/kit-app-template/assets/cetaceans/cuvier_whale/source/scene.gltf
======================================================================
IMPORTING
/home/madil/kit-app-template/assets/cetaceans/cuvier_whale/source/scene.gltf
======================================================================
12:36:42 | INFO: Data are loaded, start creating Blender stuff
12:36:42 | INFO: Blender create Mesh node polySurface1_lambert2_0
12:36:42 | INFO: glTF import finished in 0.03s
glTF import: {'FINISHED'}

OBJECTS:
EMPTY: Sketchfab_model
EMPTY: Ziphius cavirostris _LODa.fbx
EMPTY: RootNode
EMPTY: polySurface1
MESH: polySurface1_lambert2_0 dimensions=(1.8914, 6.1712, 1.6108)

EXPORTING
/home/madil/kit-app-template/assets/cetaceans/cuvier_whale/usd/cuvier_whale.usd
USD export: {'FINISHED'}
======================================================================
DONE
/home/madil/kit-app-template/assets/cetaceans/cuvier_whale/usd/cuvier_whale.usd
======================================================================
Blender 5.0.1 (hash a3db93c5b259 built 2025-12-16 01:30:59)
USD export of '/home/madil/kit-app-template/assets/cetaceans/cuvier_whale/usd/cuvier_whale.usd' took 396.14 ms

Blender quit

Created:
-rw-rw-r-- 1 madil madil 1.3M Sep  7 12:36 /home/madil/kit-app-template/assets/cetaceans/cuvier_whale/usd/cuvier_whale.usd

==========================================================
PROCESSING: frasers_dolphin
==========================================================
Extracting...
Found GLTF:
/home/madil/kit-app-template/assets/cetaceans/frasers_dolphin/source/scene.gltf
======================================================================
IMPORTING
/home/madil/kit-app-template/assets/cetaceans/frasers_dolphin/source/scene.gltf
======================================================================
12:36:43 | INFO: Data are loaded, start creating Blender stuff
12:36:43 | INFO: Blender create Mesh node polySurface1_lambert2_0
12:36:43 | INFO: glTF import finished in 0.05s
glTF import: {'FINISHED'}

OBJECTS:
EMPTY: Sketchfab_model
EMPTY: Lagenodelphis hosei_LODa.fbx
EMPTY: RootNode
EMPTY: polySurface1
MESH: polySurface1_lambert2_0 dimensions=(0.392, 1.4867, 0.5355)

EXPORTING
/home/madil/kit-app-template/assets/cetaceans/frasers_dolphin/usd/frasers_dolphin.usd
USD export: {'FINISHED'}
======================================================================
DONE
/home/madil/kit-app-template/assets/cetaceans/frasers_dolphin/usd/frasers_dolphin.usd
======================================================================
Blender 5.0.1 (hash a3db93c5b259 built 2025-12-16 01:30:59)
USD export of '/home/madil/kit-app-template/assets/cetaceans/frasers_dolphin/usd/frasers_dolphin.usd' took 378.32 ms

Blender quit

Created:
-rw-rw-r-- 1 madil madil 3.9M Sep  7 12:36 /home/madil/kit-app-template/assets/cetaceans/frasers_dolphin/usd/frasers_dolphin.usd

==========================================================
PROCESSING: humpback_whale
==========================================================
Extracting...
Found GLTF:
/home/madil/kit-app-template/assets/cetaceans/humpback_whale/source/scene.gltf
======================================================================
IMPORTING
/home/madil/kit-app-template/assets/cetaceans/humpback_whale/source/scene.gltf
======================================================================
12:36:44 | INFO: Data are loaded, start creating Blender stuff
12:36:44 | INFO: Blender create Mesh node polySurface1_lambert1_0
12:36:44 | INFO: glTF import finished in 0.04s
glTF import: {'FINISHED'}

OBJECTS:
EMPTY: Sketchfab_model
EMPTY: Megaptera novaeangliae_LODa.fbx
EMPTY: RootNode
EMPTY: polySurface1
MESH: polySurface1_lambert1_0 dimensions=(6.8389, 13.2993, 5.1108)

EXPORTING
/home/madil/kit-app-template/assets/cetaceans/humpback_whale/usd/humpback_whale.usd
USD export: {'FINISHED'}
======================================================================
DONE
/home/madil/kit-app-template/assets/cetaceans/humpback_whale/usd/humpback_whale.usd
======================================================================
Blender 5.0.1 (hash a3db93c5b259 built 2025-12-16 01:30:59)
USD export of '/home/madil/kit-app-template/assets/cetaceans/humpback_whale/usd/humpback_whale.usd' took 407.42 ms

Blender quit

Created:
-rw-rw-r-- 1 madil madil 2.8M Sep  7 12:36 /home/madil/kit-app-template/assets/cetaceans/humpback_whale/usd/humpback_whale.usd

==========================================================
PROCESSING: manatee
==========================================================
Extracting...
Found GLTF:
/home/madil/kit-app-template/assets/cetaceans/manatee/source/scene.gltf
======================================================================
IMPORTING
/home/madil/kit-app-template/assets/cetaceans/manatee/source/scene.gltf
======================================================================
12:36:45 | INFO: Data are loaded, start creating Blender stuff
12:36:45 | INFO: Blender create Mesh node lamantin_low:polySurface1_lambert1_0
12:36:45 | INFO: glTF import finished in 0.03s
glTF import: {'FINISHED'}

OBJECTS:
EMPTY: Sketchfab_model
EMPTY: Lamantin_LODa.fbx
EMPTY: RootNode
EMPTY: lamantin_low:polySurface1
MESH: lamantin_low:polySurface1_lambert1_0 dimensions=(1.4847, 4.0323, 1.595)

EXPORTING
/home/madil/kit-app-template/assets/cetaceans/manatee/usd/manatee.usd
USD export: {'FINISHED'}
======================================================================
DONE
/home/madil/kit-app-template/assets/cetaceans/manatee/usd/manatee.usd
======================================================================
Blender 5.0.1 (hash a3db93c5b259 built 2025-12-16 01:30:59)
USD export of '/home/madil/kit-app-template/assets/cetaceans/manatee/usd/manatee.usd' took 442.87 ms

Blender quit

Created:
-rw-rw-r-- 1 madil madil 766K Sep  7 12:36 /home/madil/kit-app-template/assets/cetaceans/manatee/usd/manatee.usd

==========================================================
PROCESSING: model_61a_-_bottlenose_dolphin
==========================================================
Extracting...
Found GLTF:
/home/madil/kit-app-template/assets/cetaceans/model_61a_-_bottlenose_dolphin/source/scene.gltf
======================================================================
IMPORTING
/home/madil/kit-app-template/assets/cetaceans/model_61a_-_bottlenose_dolphin/source/scene.gltf
======================================================================
12:36:46 | INFO: Data are loaded, start creating Blender stuff
12:36:46 | INFO: Blender create Mesh node Object_0
12:36:46 | INFO: Blender create Mesh node Object_1
12:36:46 | INFO: glTF import finished in 0.08s
glTF import: {'FINISHED'}

OBJECTS:
EMPTY: Sketchfab_model
EMPTY: root
EMPTY: GLTF_SceneRootNode
EMPTY: Armature_20
ARMATURE: GLTF_created_0
MESH: Object_7 dimensions=(0.7646, 2.4646, 0.6116)
MESH: Object_8 dimensions=(0.2554, 0.0406, 0.0418)
EMPTY: Mesh_19
MESH: Icosphere dimensions=(1.9021, 2.0, 2.0)

EXPORTING
/home/madil/kit-app-template/assets/cetaceans/model_61a_-_bottlenose_dolphin/usd/model_61a_-_bottlenose_dolphin.usd
USD export: {'FINISHED'}
======================================================================
DONE
/home/madil/kit-app-template/assets/cetaceans/model_61a_-_bottlenose_dolphin/usd/model_61a_-_bottlenose_dolphin.usd
======================================================================
Blender 5.0.1 (hash a3db93c5b259 built 2025-12-16 01:30:59)
USD export of '/home/madil/kit-app-template/assets/cetaceans/model_61a_-_bottlenose_dolphin/usd/model_61a_-_bottlenose_dolphin.usd' took 314.53 ms

Blender quit

Created:
-rw-rw-r-- 1 madil madil 3.9M Sep  7 12:36 /home/madil/kit-app-template/assets/cetaceans/model_61a_-_bottlenose_dolphin/usd/model_61a_-_bottlenose_dolphin.usd

==========================================================
PROCESSING: pantropical_spotted_dolphin
==========================================================
Extracting...
Found GLTF:
/home/madil/kit-app-template/assets/cetaceans/pantropical_spotted_dolphin/source/scene.gltf
======================================================================
IMPORTING
/home/madil/kit-app-template/assets/cetaceans/pantropical_spotted_dolphin/source/scene.gltf
======================================================================
12:36:47 | INFO: Data are loaded, start creating Blender stuff
12:36:47 | INFO: Blender create Mesh node polySurface1_lambert1_0
12:36:47 | INFO: glTF import finished in 0.05s
glTF import: {'FINISHED'}

OBJECTS:
EMPTY: Sketchfab_model
EMPTY: Stenella attenuata_LODa.fbx
EMPTY: RootNode
EMPTY: polySurface1
MESH: polySurface1_lambert1_0 dimensions=(0.5228, 2.2734, 0.6817)

EXPORTING
/home/madil/kit-app-template/assets/cetaceans/pantropical_spotted_dolphin/usd/pantropical_spotted_dolphin.usd
USD export: {'FINISHED'}
======================================================================
DONE
/home/madil/kit-app-template/assets/cetaceans/pantropical_spotted_dolphin/usd/pantropical_spotted_dolphin.usd
======================================================================
Blender 5.0.1 (hash a3db93c5b259 built 2025-12-16 01:30:59)
USD export of '/home/madil/kit-app-template/assets/cetaceans/pantropical_spotted_dolphin/usd/pantropical_spotted_dolphin.usd' took 393.11 ms

Blender quit

Created:
-rw-rw-r-- 1 madil madil 3.7M Sep  7 12:36 /home/madil/kit-app-template/assets/cetaceans/pantropical_spotted_dolphin/usd/pantropical_spotted_dolphin.usd

==========================================================
PROCESSING: pilot_whale
==========================================================
Extracting...
Found GLTF:
/home/madil/kit-app-template/assets/cetaceans/pilot_whale/source/scene.gltf
======================================================================
IMPORTING
/home/madil/kit-app-template/assets/cetaceans/pilot_whale/source/scene.gltf
======================================================================
12:36:47 | INFO: Data are loaded, start creating Blender stuff
12:36:47 | INFO: Blender create Mesh node polySurface1_lambert1_0
12:36:47 | INFO: glTF import finished in 0.03s
glTF import: {'FINISHED'}

OBJECTS:
EMPTY: Sketchfab_model
EMPTY: Globicephala macrorhynchus_LODa.fbx
EMPTY: RootNode
EMPTY: polySurface1
MESH: polySurface1_lambert1_0 dimensions=(1.6022, 5.1228, 1.7268)

EXPORTING
/home/madil/kit-app-template/assets/cetaceans/pilot_whale/usd/pilot_whale.usd
USD export: {'FINISHED'}
======================================================================
DONE
/home/madil/kit-app-template/assets/cetaceans/pilot_whale/usd/pilot_whale.usd
======================================================================
Blender 5.0.1 (hash a3db93c5b259 built 2025-12-16 01:30:59)
USD export of '/home/madil/kit-app-template/assets/cetaceans/pilot_whale/usd/pilot_whale.usd' took 388.47 ms

Blender quit

Created:
-rw-rw-r-- 1 madil madil 1.6M Sep  7 12:36 /home/madil/kit-app-template/assets/cetaceans/pilot_whale/usd/pilot_whale.usd

==========================================================
PROCESSING: pygmy_sperm_whale
==========================================================
Extracting...
Found GLTF:
/home/madil/kit-app-template/assets/cetaceans/pygmy_sperm_whale/source/scene.gltf
======================================================================
IMPORTING
/home/madil/kit-app-template/assets/cetaceans/pygmy_sperm_whale/source/scene.gltf
======================================================================
12:36:48 | INFO: Data are loaded, start creating Blender stuff
12:36:48 | INFO: Blender create Mesh node polySurface1_lambert1_0
12:36:48 | INFO: glTF import finished in 0.03s
glTF import: {'FINISHED'}

OBJECTS:
EMPTY: Sketchfab_model
EMPTY: Kogia breviceps_LODa.fbx
EMPTY: RootNode
EMPTY: polySurface1
MESH: polySurface1_lambert1_0 dimensions=(0.9146, 3.4786, 0.9719)

EXPORTING
/home/madil/kit-app-template/assets/cetaceans/pygmy_sperm_whale/usd/pygmy_sperm_whale.usd
USD export: {'FINISHED'}
======================================================================
DONE
/home/madil/kit-app-template/assets/cetaceans/pygmy_sperm_whale/usd/pygmy_sperm_whale.usd
======================================================================
Blender 5.0.1 (hash a3db93c5b259 built 2025-12-16 01:30:59)
USD export of '/home/madil/kit-app-template/assets/cetaceans/pygmy_sperm_whale/usd/pygmy_sperm_whale.usd' took 371.28 ms

Blender quit

Created:
-rw-rw-r-- 1 madil madil 1.5M Sep  7 12:36 /home/madil/kit-app-template/assets/cetaceans/pygmy_sperm_whale/usd/pygmy_sperm_whale.usd

==========================================================
PROCESSING: sperm_whale
==========================================================
Extracting...
Found GLTF:
/home/madil/kit-app-template/assets/cetaceans/sperm_whale/source/scene.gltf
======================================================================
IMPORTING
/home/madil/kit-app-template/assets/cetaceans/sperm_whale/source/scene.gltf
======================================================================
12:36:49 | INFO: Data are loaded, start creating Blender stuff
12:36:49 | INFO: Blender create Mesh node cachalot_low:polySurface1_cachalot_low:initialShadingGroup1_0
12:36:49 | INFO: glTF import finished in 0.03s
glTF import: {'FINISHED'}

OBJECTS:
EMPTY: Sketchfab_model
EMPTY: Grand cachalot_LODa.fbx
EMPTY: RootNode
EMPTY: cachalot_low:polySurface1
MESH: cachalot_low:polySurface1_cachalot_low:initialShadingGroup1_0 dimensions=(4.7061, 19.4122, 7.1416)

EXPORTING
/home/madil/kit-app-template/assets/cetaceans/sperm_whale/usd/sperm_whale.usd
USD export: {'FINISHED'}
======================================================================
DONE
/home/madil/kit-app-template/assets/cetaceans/sperm_whale/usd/sperm_whale.usd
======================================================================
Blender 5.0.1 (hash a3db93c5b259 built 2025-12-16 01:30:59)
USD export of '/home/madil/kit-app-template/assets/cetaceans/sperm_whale/usd/sperm_whale.usd' took 250.77 ms

Blender quit

Created:
-rw-rw-r-- 1 madil madil 773K Sep  7 12:36 /home/madil/kit-app-template/assets/cetaceans/sperm_whale/usd/sperm_whale.usd

==========================================================
PROCESSING: steno_dolphin
==========================================================
Extracting...
Found GLTF:
/home/madil/kit-app-template/assets/cetaceans/steno_dolphin/source/scene.gltf
======================================================================
IMPORTING
/home/madil/kit-app-template/assets/cetaceans/steno_dolphin/source/scene.gltf
======================================================================
12:36:50 | INFO: Data are loaded, start creating Blender stuff
12:36:50 | INFO: Blender create Mesh node polySurface1_lambert1_0
12:36:50 | INFO: glTF import finished in 0.03s
glTF import: {'FINISHED'}

OBJECTS:
EMPTY: Sketchfab_model
EMPTY: Steno bredanensis_LODa.fbx
EMPTY: RootNode
EMPTY: polySurface1
MESH: polySurface1_lambert1_0 dimensions=(1.1243, 3.1784, 1.0177)

EXPORTING
/home/madil/kit-app-template/assets/cetaceans/steno_dolphin/usd/steno_dolphin.usd
USD export: {'FINISHED'}
======================================================================
DONE
/home/madil/kit-app-template/assets/cetaceans/steno_dolphin/usd/steno_dolphin.usd
======================================================================
Blender 5.0.1 (hash a3db93c5b259 built 2025-12-16 01:30:59)
USD export of '/home/madil/kit-app-template/assets/cetaceans/steno_dolphin/usd/steno_dolphin.usd' took 374.96 ms

Blender quit

Created:
-rw-rw-r-- 1 madil madil 1.4M Sep  7 12:36 /home/madil/kit-app-template/assets/cetaceans/steno_dolphin/usd/steno_dolphin.usd

==========================================================
ALL CONVERSIONS FINISHED
==========================================================
