test_all_records_are_finite_json_serializable (__main__.PairedStateTests.test_all_records_are_finite_json_serializable) ... ok
test_animal_transform_mesh_ocean_light_material_and_metadata_change_hash (__main__.PairedStateTests.test_animal_transform_mesh_ocean_light_material_and_metadata_change_hash) ... ok
test_camera_changes_and_additional_cameras_do_not_change_scene_hash (__main__.PairedStateTests.test_camera_changes_and_additional_cameras_do_not_change_scene_hash) ... ok
test_camera_condition_hash_tracks_camera_conditions_only (__main__.PairedStateTests.test_camera_condition_hash_tracks_camera_conditions_only) ... ok
test_camera_condition_records_composed_parent_transform_and_actual_optics (__main__.PairedStateTests.test_camera_condition_records_composed_parent_transform_and_actual_optics) ... ok
test_camera_condition_rejects_invalid_conditions_read_only (__main__.PairedStateTests.test_camera_condition_rejects_invalid_conditions_read_only) ... ok
test_camera_exposure_changes_condition_but_not_frozen_scene_identity (__main__.PairedStateTests.test_camera_exposure_changes_condition_but_not_frozen_scene_identity) ... ok
test_dependency_order_is_canonical_and_unresolved_limit_is_explicit (__main__.PairedStateTests.test_dependency_order_is_canonical_and_unresolved_limit_is_explicit) ... ok
test_environment_clock_renderer_source_pose_and_dependency_content_change_hash (__main__.PairedStateTests.test_environment_clock_renderer_source_pose_and_dependency_content_change_hash) ... ok
test_identity_is_deterministic_detached_and_read_only (__main__.PairedStateTests.test_identity_is_deterministic_detached_and_read_only) ... ok
test_malformed_gama_source_fails_without_mutating_stage (__main__.PairedStateTests.test_malformed_gama_source_fails_without_mutating_stage) ... ok
test_missing_actor_wrong_units_or_axis_are_rejected (__main__.PairedStateTests.test_missing_actor_wrong_units_or_axis_are_rejected) ... ok
test_nonfinite_json_metadata_bad_dependencies_and_unsupported_values_rejected (__main__.PairedStateTests.test_nonfinite_json_metadata_bad_dependencies_and_unsupported_values_rejected) ... ok
test_nonfinite_or_nonnumeric_camera_exposure_is_rejected (__main__.PairedStateTests.test_nonfinite_or_nonnumeric_camera_exposure_is_rejected) ... ok
test_remaining_time_samples_are_rejected_without_changing_source (__main__.PairedStateTests.test_remaining_time_samples_are_rejected_without_changing_source) ... ok
test_render_subtree_and_camera_time_samples_are_excluded_before_static_check (__main__.PairedStateTests.test_render_subtree_and_camera_time_samples_are_excluded_before_static_check) ... ok
test_source_content_hash_detects_an_additional_physical_time_sample (__main__.PairedStateTests.test_source_content_hash_detects_an_additional_physical_time_sample) ... ok
test_source_content_hash_excludes_camera_and_render_animation (__main__.PairedStateTests.test_source_content_hash_excludes_camera_and_render_animation) ... ok
test_source_content_hash_preserves_animation_and_does_not_mutate_source (__main__.PairedStateTests.test_source_content_hash_preserves_animation_and_does_not_mutate_source) ... ok
test_unloaded_payload_is_rejected (__main__.PairedStateTests.test_unloaded_payload_is_rejected) ... ok

----------------------------------------------------------------------
Ran 20 tests in 0.057s

OK
