test_byte_exact_copy_has_complete_explicit_origin_and_target_provenance (__main__.CopyStepTests.test_byte_exact_copy_has_complete_explicit_origin_and_target_provenance) ... ok
test_directory_symlinks_or_nested_file_symlinks_are_refused (__main__.CopyStepTests.test_directory_symlinks_or_nested_file_symlinks_are_refused) ... ok
test_existing_destination_is_preserved_and_source_destination_overlap_rejected (__main__.CopyStepTests.test_existing_destination_is_preserved_and_source_destination_overlap_rejected) ... ok
test_incorrect_copied_bytes_rejected_and_failed_evidence_retained (__main__.CopyStepTests.test_incorrect_copied_bytes_rejected_and_failed_evidence_retained) ... ok
test_missing_or_empty_source_refused_before_destination_creation (__main__.CopyStepTests.test_missing_or_empty_source_refused_before_destination_creation) ... ok
test_source_mutation_before_later_file_copy_rejected (__main__.CopyStepTests.test_source_mutation_before_later_file_copy_rejected) ... ok
test_source_mutation_during_copy_rejected_without_overwriting_prior_evidence (__main__.CopyStepTests.test_source_mutation_during_copy_rejected_without_overwriting_prior_evidence) ... ok
test_source_tree_addition_during_copy_rejected_after_byte_copies (__main__.CopyStepTests.test_source_tree_addition_during_copy_rejected_after_byte_copies) ... ok
test_generated_directory_or_bytecode_names_rejected_before_file_access (__main__.EvidenceTreeTests.test_generated_directory_or_bytecode_names_rejected_before_file_access) ... ok
test_regular_files_are_pinned_deterministically_with_byte_identity (__main__.EvidenceTreeTests.test_regular_files_are_pinned_deterministically_with_byte_identity) ... ok
test_symlink_file_and_directory_are_rejected_without_following (__main__.EvidenceTreeTests.test_symlink_file_and_directory_are_rejected_without_following) ... ok
test_changed_current_protocol_pins_refused_before_accepted_groups_are_loaded (__main__.PendingPlanTests.test_changed_current_protocol_pins_refused_before_accepted_groups_are_loaded) ... ok
test_missing_or_divergent_accepted_group_result_refused (__main__.PendingPlanTests.test_missing_or_divergent_accepted_group_result_refused) ... ok
test_plan_revalidates_all_twelve_actual_groups_and_pins_the_failed_attempt (__main__.PendingPlanTests.test_plan_revalidates_all_twelve_actual_groups_and_pins_the_failed_attempt) ... ok
test_actual_failed_attempt_selects_only_three_declared_missing_test_states (__main__.PendingSelectionTests.test_actual_failed_attempt_selects_only_three_declared_missing_test_states) ... ok
test_rejects_accepted_group_without_held_pose_or_coexistence (__main__.PendingSelectionTests.test_rejects_accepted_group_without_held_pose_or_coexistence) ... ok
test_rejects_changed_protocol_source_or_failed_preservation (__main__.PendingSelectionTests.test_rejects_changed_protocol_source_or_failed_preservation) ... ok
test_rejects_duplicate_or_undeclared_accepted_group (__main__.PendingSelectionTests.test_rejects_duplicate_or_undeclared_accepted_group) ... ok
test_rejects_failed_capture_with_rendered_evidence_or_nonheadroom_error (__main__.PendingSelectionTests.test_rejects_failed_capture_with_rendered_evidence_or_nonheadroom_error) ... ok
test_rejects_incomplete_retries_or_unbound_final_failure_response (__main__.PendingSelectionTests.test_rejects_incomplete_retries_or_unbound_final_failure_response) ... ok
test_rejects_missing_or_duplicate_declared_snapshots (__main__.PendingSelectionTests.test_rejects_missing_or_duplicate_declared_snapshots) ... ok
test_rejects_missing_or_duplicate_partial_image_ids (__main__.PendingSelectionTests.test_rejects_missing_or_duplicate_partial_image_ids) ... ok
test_rejects_source_cleanup_failure_or_status_reclassification (__main__.PendingSelectionTests.test_rejects_source_cleanup_failure_or_status_reclassification) ... ok
test_rejects_substituted_source_state_or_group_split (__main__.PendingSelectionTests.test_rejects_substituted_source_state_or_group_split) ... ok
test_rejects_success_reclassification_or_preflight_or_approval_claim (__main__.PendingSelectionTests.test_rejects_success_reclassification_or_preflight_or_approval_claim) ... ok
test_rejects_wrong_or_reordered_actual_run_identities (__main__.PendingSelectionTests.test_rejects_wrong_or_reordered_actual_run_identities) ... ok
test_exact_pending_workload_report_shape_accepts_same_actual_source_states (__main__.SupplementMetadataTests.test_exact_pending_workload_report_shape_accepts_same_actual_source_states) ... ok
test_rejects_changed_split_cleanup_or_rendered_group_status (__main__.SupplementMetadataTests.test_rejects_changed_split_cleanup_or_rendered_group_status) ... ok
test_rejects_missing_duplicate_reordered_or_substituted_supplemental_groups (__main__.SupplementMetadataTests.test_rejects_missing_duplicate_reordered_or_substituted_supplemental_groups) ... ok
test_rejects_missing_or_duplicate_image_metadata (__main__.SupplementMetadataTests.test_rejects_missing_or_duplicate_image_metadata) ... ok
test_rejects_preflight_success_or_changed_source_or_saved_plan (__main__.SupplementMetadataTests.test_rejects_preflight_success_or_changed_source_or_saved_plan) ... ok

----------------------------------------------------------------------
Ran 31 tests in 7.220s

OK
