{
  "passed": true,
  "output": "experiments/gama_marlin_v1/qa/m8_pilot_audit_02.json",
  "images_checked": 300,
  "cpu_transform_checks": 12,
  "metric_summaries": 18,
  "annotation_boxes": 250,
  "overall": {
    "images": 60,
    "positive_images": 50,
    "negative_images": 10,
    "TP": 32,
    "FP": 2,
    "FN": 18,
    "precision": 0.9411764705882353,
    "recall": 0.64,
    "F1": 0.7619047619047619,
    "AP50": 0.7716031777998319,
    "false_positives_per_negative_frame": 0.0,
    "negative_frame_false_positives": 0
  }
}
