{
  "passed": true,
  "report": {
    "path": "experiments/gama_marlin_v1/M7_COMPLETION_REPORT.md",
    "bytes": 8596,
    "sha256": "16d38c8c508b4d94a1b9d62a29dda6a3b1ea83ed648d72002ca17a5a4357f70e"
  },
  "manifest": {
    "path": "experiments/gama_marlin_v1/qa/milestone_7_manifest.json",
    "bytes": 1207355,
    "sha256": "d2e4f7179b6c6cb1e4de8124f796fa96d56466b919a1f30abe6b39af7dbd0715"
  },
  "unique_output_paths": 4827,
  "capture_counts": {
    "images": 150,
    "target_present": 75,
    "target_absent": 75,
    "camera_condition_pairs": 75,
    "groups": 15
  },
  "separate_later_seal_check_still_required": true,
  "biological_approval": false
}
