******************************************************************
* GAMA version 2025.6.4                                         *
* http://gama-platform.org                                       *
* (c) 2007-2025 UMI 209 UMMISCO IRD/SU & Partners                *
******************************************************************
> FLAG  : enable_debug                                  set to________ true
> FLAG  : enable_logging                                set to________ true
> FLAG  : use_global_preference_store                   set to________ true
> JAI   : ImageIO extensions                            loaded for____ BTF|TF8|TIF|TIFF|arx|asc|bmp|btf|gif|jp2|jpeg|jpg|pbm|pgm|png|ppm|tf8|tif|tiff|wbmp
> GAMA  : version 2025.6.4                              loading on____ Linux 7.0.0-38-generic, processor amd64, JDK OpenJDK 64-Bit Server VM Eclipse Adoptium version 21.0.7+6-LTS
> GAMA  : Plugin gama.core                              loaded in_____ 331ms
> GAMA  : Plugin gama.extension.bdi                     loaded in_____ 23ms
> GAMA  : Plugin gama.extension.database                loaded in_____ 39ms
> GAMA  : Plugin gama.extension.fipa                    loaded in_____ 4ms
> GAMA  : Snapshot services                             active________ (gui mode)
> GAMA  : Plugin gama.extension.image                   loaded in_____ 49ms
> GAMA  : Plugin gama.extension.maths                   loaded in_____ 25ms
> GAMA  : Plugin gama.extension.network                 loaded in_____ 1ms
> GAMA  : Plugin gama.extension.pedestrian              loaded in_____ 6ms
> GAMA  : Plugin gama.extension.physics                 loaded in_____ 4ms
> GAMA  : Plugin gama.extension.serialize               loaded in_____ 2ms
> GAMA  : Plugin gama.extension.stats                   loaded in_____ 9ms
> GAMA  : Plugin gama.extension.traffic                 loaded in_____ 10ms
> GAMA  : Plugin gama.headless                          loaded in_____ 1ms
> GAML  : Initializing parser                           done in_______ 71ms
> GAMA  : Plugin gaml.compiler                          loaded in_____ 73ms
> GAMA  : Loading extensions to 'create'                done in_______ 1ms
> GAMA  : Loading extensions to 'save'                  done in_______ 32ms
> GAMA  : Loading extensions to 'draw'                  done in_______ 1ms
> GAMA  : Loading extensions to 'event'                 done in_______ 1ms
> GAMA  : Gathering built-in models                     done in_______ 1ms
> GAMA  : Loading constants                             done in_______ 49ms
> GAML  : Plugins with language additions               loaded in_____ 689ms
GAMA configuring and loading...
> GAML  : Artifacts                                     built in______ 18ms
