test_actual_reference_has_expected_calibrated_metric_dimensions (__main__.PorpoiseActorTests.test_actual_reference_has_expected_calibrated_metric_dimensions) ... ok
test_all_states_and_fixed_vertical_datum (__main__.PorpoiseActorTests.test_all_states_and_fixed_vertical_datum) ... ok
test_diagnostic_camera_cleanup_is_bounded_to_numeric_rtx_exposure_overs (__main__.PorpoiseActorTests.test_diagnostic_camera_cleanup_is_bounded_to_numeric_rtx_exposure_overs) ... ok
test_duplicate_is_idempotent_and_does_not_create_animal (__main__.PorpoiseActorTests.test_duplicate_is_idempotent_and_does_not_create_animal) ... ok
test_empty_root_cleanup_preserves_typed_authored_and_foreign_content (__main__.PorpoiseActorTests.test_empty_root_cleanup_preserves_typed_authored_and_foreign_content) ... ok
test_empty_root_cleanup_removes_only_empty_over_and_is_idempotent (__main__.PorpoiseActorTests.test_empty_root_cleanup_removes_only_empty_over_and_is_idempotent) ... ok
test_empty_root_cleanup_requires_unowned_stage_and_capture_gate (__main__.PorpoiseActorTests.test_empty_root_cleanup_requires_unowned_stage_and_capture_gate) ... ok
test_explicit_stage_units_are_used_for_composed_pose (__main__.PorpoiseActorTests.test_explicit_stage_units_are_used_for_composed_pose) ... ok
test_foreign_parent_translation_freezes_updates_and_duplicates (__main__.PorpoiseActorTests.test_foreign_parent_translation_freezes_updates_and_duplicates) ... ok
test_four_cardinal_headings_use_composed_transform (__main__.PorpoiseActorTests.test_four_cardinal_headings_use_composed_transform) ... ok
test_interrupted_replay_freezes_and_reconnect_continues (__main__.PorpoiseActorTests.test_interrupted_replay_freezes_and_reconnect_continues) ... ok
test_invalid_unknown_and_out_of_order_updates_are_atomic (__main__.PorpoiseActorTests.test_invalid_unknown_and_out_of_order_updates_are_atomic) ... ok
test_matching_stronger_override_rejects_next_pose_and_rolls_back (__main__.PorpoiseActorTests.test_matching_stronger_override_rejects_next_pose_and_rolls_back) ... ok
test_missing_owned_layer_blocks_updates_without_replacement (__main__.PorpoiseActorTests.test_missing_owned_layer_blocks_updates_without_replacement) ... ok
test_release_removes_only_owned_layer_and_restores_session (__main__.PorpoiseActorTests.test_release_removes_only_owned_layer_and_restores_session) ... ok
test_replacement_stage_cleanup_targets_saved_stage_only (__main__.PorpoiseActorTests.test_replacement_stage_cleanup_targets_saved_stage_only) ... ok
test_reset_keeps_ownership_and_pose_then_accepts_new_run (__main__.PorpoiseActorTests.test_reset_keeps_ownership_and_pose_then_accepts_new_run) ... ok
test_retained_actual_gama_trajectory_matches_composed_transforms (__main__.PorpoiseActorTests.test_retained_actual_gama_trajectory_matches_composed_transforms) ... ok
test_root_collision_and_double_ownership_are_refused (__main__.PorpoiseActorTests.test_root_collision_and_double_ownership_are_refused) ... ok
test_stage_metadata_change_freezes_and_can_be_explicitly_recovered (__main__.PorpoiseActorTests.test_stage_metadata_change_freezes_and_can_be_explicitly_recovered) ... ok
test_stage_metadata_must_be_authored_and_agent_id_must_be_safe (__main__.PorpoiseActorTests.test_stage_metadata_must_be_authored_and_agent_id_must_be_safe) ... ok
test_stronger_actor_override_freezes_duplicate_and_status (__main__.PorpoiseActorTests.test_stronger_actor_override_freezes_duplicate_and_status) ... ok
test_token_capture_and_foreign_stage_guards_preserve_pose (__main__.PorpoiseActorTests.test_token_capture_and_foreign_stage_guards_preserve_pose) ... ok
test_v1_and_v2_have_independent_layers_and_release (__main__.PorpoiseActorTests.test_v1_and_v2_have_independent_layers_and_release) ... ok

----------------------------------------------------------------------
Ran 24 tests in 0.305s

OK
