test_annotation_and_label_byte_hash_tampering_is_rejected (__main__.DatasetClientTests.test_annotation_and_label_byte_hash_tampering_is_rejected) ... ok
test_annotation_paths_cannot_escape_the_retained_group (__main__.DatasetClientTests.test_annotation_paths_cannot_escape_the_retained_group) ... ok
test_annotation_rejects_another_actual_selected_source_state (__main__.DatasetClientTests.test_annotation_rejects_another_actual_selected_source_state) ... ok
test_annotation_rejects_source_species_class_or_scope_mismatch (__main__.DatasetClientTests.test_annotation_rejects_source_species_class_or_scope_mismatch) ... ok
test_annotation_rejects_unsupported_approval_and_certification_claims (__main__.DatasetClientTests.test_annotation_rejects_unsupported_approval_and_certification_claims) ... ok
test_changed_clipping_flags_coco_area_or_yolo_coordinates_are_rejected (__main__.DatasetClientTests.test_changed_clipping_flags_coco_area_or_yolo_coordinates_are_rejected) ... ok
test_clipped_positive_has_correct_json_coco_yolo_arithmetic (__main__.DatasetClientTests.test_clipped_positive_has_correct_json_coco_yolo_arithmetic) ... ok
test_current_timestamped_declaration_matches_real_sources (__main__.DatasetClientTests.test_current_timestamped_declaration_matches_real_sources) ... ok
test_declaration_cannot_award_biological_or_exact_outline_approval (__main__.DatasetClientTests.test_declaration_cannot_award_biological_or_exact_outline_approval) ... ok
test_declaration_rejects_changed_historical_seal_pins (__main__.DatasetClientTests.test_declaration_rejects_changed_historical_seal_pins) ... ok
test_declaration_rejects_changed_pre_refactor_evidence_or_unknown_keys (__main__.DatasetClientTests.test_declaration_rejects_changed_pre_refactor_evidence_or_unknown_keys) ... ok
test_declaration_rejects_changed_selection_or_actual_state_replacement (__main__.DatasetClientTests.test_declaration_rejects_changed_selection_or_actual_state_replacement) ... ok
test_declaration_rejects_cross_split_or_cross_encounter_membership (__main__.DatasetClientTests.test_declaration_rejects_cross_split_or_cross_encounter_membership) ... ok
test_declaration_rejects_tampered_source_identity (__main__.DatasetClientTests.test_declaration_rejects_tampered_source_identity) ... ok
test_declaration_requires_prior_timestamp (__main__.DatasetClientTests.test_declaration_requires_prior_timestamp) ... ok
test_declaration_timestamp_must_be_prior_and_timezone_aware (__main__.DatasetClientTests.test_declaration_timestamp_must_be_prior_and_timezone_aware) ... ok
test_inline_annotation_cannot_disagree_with_retained_json (__main__.DatasetClientTests.test_inline_annotation_cannot_disagree_with_retained_json) ... ok
test_negative_rejects_any_target_geometry_or_positive_label (__main__.DatasetClientTests.test_negative_rejects_any_target_geometry_or_positive_label) ... ok
test_outside_target_cannot_gain_geometry_or_nonempty_label (__main__.DatasetClientTests.test_outside_target_cannot_gain_geometry_or_nonempty_label) ... ok
test_plan_reads_five_actual_sources_and_declares_fixed_150_image_workload (__main__.DatasetClientTests.test_plan_reads_five_actual_sources_and_declares_fixed_150_image_workload) ... ok
test_positive_mesh_provenance_and_strict_types_are_required (__main__.DatasetClientTests.test_positive_mesh_provenance_and_strict_types_are_required) ... ok
test_present_in_frame_keeps_rendered_visibility_unknown (__main__.DatasetClientTests.test_present_in_frame_keeps_rendered_visibility_unknown) ... ok
test_present_outside_frame_has_empty_label_and_stays_present (__main__.DatasetClientTests.test_present_outside_frame_has_empty_label_and_stays_present) ... ok
test_raw_boxes_and_world_bounds_require_finite_ordered_coordinates (__main__.DatasetClientTests.test_raw_boxes_and_world_bounds_require_finite_ordered_coordinates) ... ok
test_removed_target_has_no_geometry_and_an_empty_label (__main__.DatasetClientTests.test_removed_target_has_no_geometry_and_an_empty_label) ... ok
test_usd_invisible_target_stays_positive_with_direct_amodal_label (__main__.DatasetClientTests.test_usd_invisible_target_stays_positive_with_direct_amodal_label) ... ok
test_whole_trajectory_and_related_repeats_have_one_split_and_encounter_group (__main__.DatasetClientTests.test_whole_trajectory_and_related_repeats_have_one_split_and_encounter_group) ... ok
test_changed_held_fields_after_no_render_rejection_abort_before_wait (__main__.DatasetHeadroomRetryTests.test_changed_held_fields_after_no_render_rejection_abort_before_wait) ... ok
test_changed_held_fields_before_request_abort_atomically (__main__.DatasetHeadroomRetryTests.test_changed_held_fields_before_request_abort_atomically) ... ok
test_changed_held_fields_during_wait_abort_before_next_request (__main__.DatasetHeadroomRetryTests.test_changed_held_fields_during_wait_abort_before_next_request) ... ok
test_composed_pose_is_checked_against_gama_even_when_expected_status_also_wrong (__main__.DatasetHeadroomRetryTests.test_composed_pose_is_checked_against_gama_even_when_expected_status_also_wrong) ... ok
test_first_success_returns_without_wait_and_retains_http_time_code_and_status (__main__.DatasetHeadroomRetryTests.test_first_success_returns_without_wait_and_retains_http_time_code_and_status) ... ok
test_four_rejections_exhaust_without_a_fifth_request_or_fourth_wait (__main__.DatasetHeadroomRetryTests.test_four_rejections_exhaust_without_a_fifth_request_or_fourth_wait) ... ok
test_missing_update_clock_can_advance_while_composed_pose_and_state_stay_held (__main__.DatasetHeadroomRetryTests.test_missing_update_clock_can_advance_while_composed_pose_and_state_stay_held) ... ok
test_other_failures_or_returned_render_evidence_are_never_retried (__main__.DatasetHeadroomRetryTests.test_other_failures_or_returned_render_evidence_are_never_retried) ... ok
test_pinned_runtime_change_before_first_request_aborts (__main__.DatasetHeadroomRetryTests.test_pinned_runtime_change_before_first_request_aborts) ... ok
test_pinned_runtime_change_during_wait_aborts_before_next_request (__main__.DatasetHeadroomRetryTests.test_pinned_runtime_change_during_wait_aborts_before_next_request) ... ok
test_rendered_response_is_retained_when_post_response_status_read_fails (__main__.DatasetHeadroomRetryTests.test_rendered_response_is_retained_when_post_response_status_read_fails) ... ok
test_rendered_response_is_returned_for_retention_before_changed_state_abort (__main__.DatasetHeadroomRetryTests.test_rendered_response_is_returned_for_retention_before_changed_state_abort) ... ok
test_retry_classifier_requires_exact_error_only_shape_and_below_threshold (__main__.DatasetHeadroomRetryTests.test_retry_classifier_requires_exact_error_only_shape_and_below_threshold) ... ok
test_three_no_render_rejections_then_fourth_success_keep_same_snapshot (__main__.DatasetHeadroomRetryTests.test_three_no_render_rejections_then_fourth_success_keep_same_snapshot) ... ok
test_transport_exception_is_not_retried (__main__.DatasetHeadroomRetryTests.test_transport_exception_is_not_retried) ... ok

----------------------------------------------------------------------
Ran 42 tests in 0.609s

OK
