test_actual_camera_amodal_box_and_class_zero_yolo_are_correct (__main__.DatasetStateTests.test_actual_camera_amodal_box_and_class_zero_yolo_are_correct) ... ok
test_animated_physical_geometry_and_malformed_state_are_rejected_read_only (__main__.DatasetStateTests.test_animated_physical_geometry_and_malformed_state_are_rejected_read_only) ... ok
test_annotation_presence_mismatch_and_wrong_class_are_rejected (__main__.DatasetStateTests.test_annotation_presence_mismatch_and_wrong_class_are_rejected) ... ok
test_annotations_are_read_only_detached_and_finite_json (__main__.DatasetStateTests.test_annotations_are_read_only_detached_and_finite_json) ... ok
test_background_clock_settings_and_dependency_changes_are_detected (__main__.DatasetStateTests.test_background_clock_settings_and_dependency_changes_are_detected) ... ok
test_background_excludes_target_and_camera_but_detects_unrelated_scene_edits (__main__.DatasetStateTests.test_background_excludes_target_and_camera_but_detects_unrelated_scene_edits) ... ok
test_background_identity_is_equal_with_common_target_dependency_records (__main__.DatasetStateTests.test_background_identity_is_equal_with_common_target_dependency_records) ... ok
test_composed_parent_mesh_scale_is_applied_to_vertex_projection (__main__.DatasetStateTests.test_composed_parent_mesh_scale_is_applied_to_vertex_projection) ... ok
test_corrupted_projection_and_vertices_behind_camera_are_rejected (__main__.DatasetStateTests.test_corrupted_projection_and_vertices_behind_camera_are_rejected) ... ok
test_hidden_or_inactive_present_target_cannot_be_declared_removed (__main__.DatasetStateTests.test_hidden_or_inactive_present_target_cannot_be_declared_removed) ... ok
test_image_clipping_uses_actual_clipped_box_for_yolo (__main__.DatasetStateTests.test_image_clipping_uses_actual_clipped_box_for_yolo) ... ok
test_invisible_or_submerged_animal_is_still_a_present_amodal_target (__main__.DatasetStateTests.test_invisible_or_submerged_animal_is_still_a_present_amodal_target) ... ok
test_negative_has_no_box_or_yolo_even_with_other_animals_present (__main__.DatasetStateTests.test_negative_has_no_box_or_yolo_even_with_other_animals_present) ... ok
test_negative_identity_binds_source_parent_and_exact_removal (__main__.DatasetStateTests.test_negative_identity_binds_source_parent_and_exact_removal) ... ok
test_negative_requires_valid_parent_hash_and_physical_target_absence (__main__.DatasetStateTests.test_negative_requires_valid_parent_hash_and_physical_target_absence) ... ok
test_out_of_frame_target_remains_physically_present_with_empty_label (__main__.DatasetStateTests.test_out_of_frame_target_remains_physically_present_with_empty_label) ... ok
test_positive_record_preserves_exact_m6_identity (__main__.DatasetStateTests.test_positive_record_preserves_exact_m6_identity) ... ok
test_private_target_removal_leaves_original_and_other_animals_unchanged (__main__.DatasetStateTests.test_private_target_removal_leaves_original_and_other_animals_unchanged) ... ok

----------------------------------------------------------------------
Ran 18 tests in 0.082s

OK
