test_advancing_index_requires_strictly_advancing_represented_time (__main__.BufferTests.test_advancing_index_requires_strictly_advancing_represented_time) ... ok
test_arbitrary_start_gaps_and_latest_retry (__main__.BufferTests.test_arbitrary_start_gaps_and_latest_retry) ... ok
test_input_and_latest_access_cannot_mutate_accepted_state (__main__.BufferTests.test_input_and_latest_access_cannot_mutate_accepted_state) ... ok
test_out_of_order_and_changed_latest_steps_are_atomic (__main__.BufferTests.test_out_of_order_and_changed_latest_steps_are_atomic) ... ok
test_run_seed_timestep_and_agent_identity_are_fixed_until_reset (__main__.BufferTests.test_run_seed_timestep_and_agent_identity_are_fixed_until_reset) ... ok
test_valid_behaviour_and_pose_fields_can_evolve (__main__.BufferTests.test_valid_behaviour_and_pose_fields_can_evolve) ... ok
test_conversion_overflow_is_rejected_without_changing_input (__main__.TransformTests.test_conversion_overflow_is_rejected_without_changing_input) ... ok
test_invalid_stage_units_and_payload_are_rejected (__main__.TransformTests.test_invalid_stage_units_and_payload_are_rejected) ... ok
test_units_depth_and_all_cardinal_headings (__main__.TransformTests.test_units_depth_and_all_cardinal_headings) ... ok
test_zero_depth_resolves_to_mean_plane_for_every_state (__main__.TransformTests.test_zero_depth_resolves_to_mean_plane_for_every_state) ... ok
test_all_fields_are_required_and_objects_are_strict (__main__.ValidationTests.test_all_fields_are_required_and_objects_are_strict) ... ok
test_all_scalar_numbers_reject_nonfinite_bool_and_string_values (__main__.ValidationTests.test_all_scalar_numbers_reject_nonfinite_bool_and_string_values) ... ok
test_exact_version_is_required_without_v1_fallback (__main__.ValidationTests.test_exact_version_is_required_without_v1_fallback) ... ok
test_example_and_fixture_are_detached_snapshots (__main__.ValidationTests.test_example_and_fixture_are_detached_snapshots) ... ok
test_identifiers_are_safe_and_length_limited (__main__.ValidationTests.test_identifiers_are_safe_and_length_limited) ... ok
test_numeric_bounds_and_horizontal_vector_shape (__main__.ValidationTests.test_numeric_bounds_and_horizontal_vector_shape) ... ok
test_only_one_porpoise_is_supported (__main__.ValidationTests.test_only_one_porpoise_is_supported) ... ok
test_schema_required_fields_constants_and_cardinality_match_runtime (__main__.ValidationTests.test_schema_required_fields_constants_and_cardinality_match_runtime) ... ok
test_seed_and_step_index_are_strict_safe_integers (__main__.ValidationTests.test_seed_and_step_index_are_strict_safe_integers) ... ok
test_state_enum_is_transport_vocabulary (__main__.ValidationTests.test_state_enum_is_transport_vocabulary) ... ok
test_time_is_index_times_step_with_absolute_tolerance_only (__main__.ValidationTests.test_time_is_index_times_step_with_absolute_tolerance_only) ... ok
test_unknown_fields_and_ambiguous_vertical_inputs_are_rejected (__main__.ValidationTests.test_unknown_fields_and_ambiguous_vertical_inputs_are_rejected) ... ok
test_vertical_reference_has_one_mean_level_interpretation (__main__.ValidationTests.test_vertical_reference_has_one_mean_level_interpretation) ... ok

----------------------------------------------------------------------
Ran 23 tests in 0.003s

OK
