test_authored_cycle_contains_full_rig_and_frame_range (test_baked_animation.BakedDolphinAnimationTests.test_authored_cycle_contains_full_rig_and_frame_range) ... ok
test_tail_joints_change_during_cycle (test_baked_animation.BakedDolphinAnimationTests.test_tail_joints_change_during_cycle) ... ok
test_bad_inputs (test_bartlett_geometry.BartlettTests.test_bad_inputs) ... ok
test_basis_and_projection_against_scalar_intersection (test_bartlett_geometry.BartlettTests.test_basis_and_projection_against_scalar_intersection) ... ok
test_chunking_and_directionality (test_bartlett_geometry.BartlettTests.test_chunking_and_directionality) ... ok
test_facing_edge_gaps_not_outer_corner_sections (test_bartlett_geometry.BartlettTests.test_facing_edge_gaps_not_outer_corner_sections) ... ok
test_flat_nadir_spacing_area_and_invalid_boundaries (test_bartlett_geometry.BartlettTests.test_flat_nadir_spacing_area_and_invalid_boundaries) ... ok
test_paper_nominal_not_manufacturer_pitch (test_bartlett_geometry.BartlettTests.test_paper_nominal_not_manufacturer_pitch) ... ok
test_authored_usd_projection_in_both_unit_conventions (test_calibration_geometry.CalibrationTests.test_authored_usd_projection_in_both_unit_conventions) ... ok
test_expected_projection (test_calibration_geometry.CalibrationTests.test_expected_projection) ... ok
test_missing_invalid_and_cropped_inputs (test_calibration_geometry.CalibrationTests.test_missing_invalid_and_cropped_inputs) ... ok
test_oblique_authored_camera_matches_independent_projection (test_calibration_geometry.CalibrationTests.test_oblique_authored_camera_matches_independent_projection) ... ok
test_oblique_ray_projection_and_gsd (test_calibration_geometry.CalibrationTests.test_oblique_ray_projection_and_gsd) ... ok
test_independent_consistency_calculations (test_camera_evidence.CameraEvidenceTests.test_independent_consistency_calculations) ... ok
test_paper_nominal_and_provenance_categories (test_camera_evidence.CameraEvidenceTests.test_paper_nominal_and_provenance_categories) ... ok
test_paper_review_distinguishes_pitch_from_yaw_inference (test_camera_evidence.CameraEvidenceTests.test_paper_review_distinguishes_pitch_from_yaw_inference) ... ok
test_accelerated_motion_respects_acceleration_and_no_overshoot (test_camera_math.CameraMathTests.test_accelerated_motion_respects_acceleration_and_no_overshoot) ... ok
test_chase_camera_normalizes_horizontal_forward (test_camera_math.CameraMathTests.test_chase_camera_normalizes_horizontal_forward) ... ok
test_chase_camera_sits_behind_heading_zero (test_camera_math.CameraMathTests.test_chase_camera_sits_behind_heading_zero) ... ok
test_damp_point_moves_toward_target (test_camera_math.CameraMathTests.test_damp_point_moves_toward_target) ... ok
test_damping_is_frame_rate_independent (test_camera_math.CameraMathTests.test_damping_is_frame_rate_independent) ... ok
test_documentary_camera_holds_then_delays (test_camera_math.CameraMathTests.test_documentary_camera_holds_then_delays) ... ok
test_documentary_camera_runs_full_state_cycle (test_camera_math.CameraMathTests.test_documentary_camera_runs_full_state_cycle) ... ok
test_horizontal_error_ignores_wave_height (test_camera_math.CameraMathTests.test_horizontal_error_ignores_wave_height) ... ok
test_every_gallery_usd_exists (test_cetacean_gallery.CetaceanGalleryTests.test_every_gallery_usd_exists) ... ok
test_gallery_contains_every_converted_model (test_cetacean_gallery.CetaceanGalleryTests.test_gallery_contains_every_converted_model) ... ok
test_every_gallery_species_has_a_motion_profile (test_cetacean_motion.CetaceanMotionTests.test_every_gallery_species_has_a_motion_profile) ... ok
test_forward_heading_accounts_for_opposite_tail_ends (test_cetacean_motion.CetaceanMotionTests.test_forward_heading_accounts_for_opposite_tail_ends) ... ok
test_forward_heading_handles_horizontal_x_aligned_assets (test_cetacean_motion.CetaceanMotionTests.test_forward_heading_handles_horizontal_x_aligned_assets) ... ok
test_only_rigged_digital_life_asset_uses_skeletal_backend (test_cetacean_motion.CetaceanMotionTests.test_only_rigged_digital_life_asset_uses_skeletal_backend) ... ok
test_torso_stays_rigid_and_tail_reaches_full_envelope (test_cetacean_motion.CetaceanMotionTests.test_torso_stays_rigid_and_tail_reaches_full_envelope) ... ok
test_wave_is_dorsoventral_and_periodic (test_cetacean_motion.CetaceanMotionTests.test_wave_is_dorsoventral_and_periodic) ... ok
test_gentle_waves_and_diffuse_sky (test_gentle_environment.GentleEnvironmentTests.test_gentle_waves_and_diffuse_sky) ... ok
test_no_actor_camera_or_exposure_control (test_gentle_environment.GentleEnvironmentTests.test_no_actor_camera_or_exposure_control) ... ok
test_phase_reset_and_stage_guard_documented (test_gentle_environment.GentleEnvironmentTests.test_phase_reset_and_stage_guard_documented) ... ok
test_restore_scope_excludes_animals (test_gentle_environment.GentleEnvironmentTests.test_restore_scope_excludes_animals) ... ok
test_nominal_not_actual_oblique_gsd (test_hidef_camera.HiDefTests.test_nominal_not_actual_oblique_gsd) ... ok
test_pose_is_cross_track_tilt_not_optical_roll (test_hidef_camera.HiDefTests.test_pose_is_cross_track_tilt_not_optical_roll) ... ok
test_preview_preserves_footprint_not_sampling (test_hidef_camera.HiDefTests.test_preview_preserves_footprint_not_sampling) ... ok
test_projection_roundtrip (test_hidef_camera.HiDefTests.test_projection_roundtrip) ... ok
test_provenance_and_native_sensitivity (test_hidef_camera.HiDefTests.test_provenance_and_native_sensitivity) ... ok
test_move_toward_does_not_overshoot (test_movement.MovementTests.test_move_toward_does_not_overshoot) ... ok
test_move_toward_treats_negative_delta_as_zero (test_movement.MovementTests.test_move_toward_treats_negative_delta_as_zero) ... ok
test_natural_attitude_clamps_turn_bank (test_movement.MovementTests.test_natural_attitude_clamps_turn_bank) ... ok
test_natural_attitude_pitches_into_vertical_motion (test_movement.MovementTests.test_natural_attitude_pitches_into_vertical_motion) ... ok
test_normalize_heading_wraps_both_directions (test_movement.MovementTests.test_normalize_heading_wraps_both_directions) ... ok
test_turn_toward_stops_at_target (test_movement.MovementTests.test_turn_toward_stops_at_target) ... ok
test_turn_toward_uses_shortest_path_across_zero (test_movement.MovementTests.test_turn_toward_uses_shortest_path_across_zero) ... ok
test_isolation_cleanup_and_no_time_samples (test_petrel_playback.PetrelPlaybackTests.test_isolation_cleanup_and_no_time_samples) ... ok
test_loop_pause_speed_and_timeline_independence (test_petrel_playback.PetrelPlaybackTests.test_loop_pause_speed_and_timeline_independence) ... ok
test_pose_export_rejected (test_petrel_playback.PetrelPlaybackTests.test_pose_export_rejected) ... ok
test_removed_target_and_independent_instances (test_petrel_playback.PetrelPlaybackTests.test_removed_target_and_independent_instances) ... ok
test_smooth_transition_and_reversal (test_petrel_playback.PetrelPlaybackTests.test_smooth_transition_and_reversal) ... ok
test_validation (test_petrel_playback.PetrelPlaybackTests.test_validation) ... ok
test_legacy_replay_verifies_saved_subset_and_reports_omissions (test_renderer_snapshot.RendererSnapshotTests.test_legacy_replay_verifies_saved_subset_and_reports_omissions) ... ok
test_preservation_check_stays_strict_for_current_keysets_and_types (test_renderer_snapshot.RendererSnapshotTests.test_preservation_check_stays_strict_for_current_keysets_and_types) ... ok
test_replay_of_replay_retains_original_uncertainty (test_renderer_snapshot.RendererSnapshotTests.test_replay_of_replay_retains_original_uncertainty) ... ok
test_roundtrip_restores_vectors_false_zero_and_absent_options (test_renderer_snapshot.RendererSnapshotTests.test_roundtrip_restores_vectors_false_zero_and_absent_options) ... ok
test_sampling_color_and_effect_settings_are_recorded_without_defaults (test_renderer_snapshot.RendererSnapshotTests.test_sampling_color_and_effect_settings_are_recorded_without_defaults) ... ok
test_invalid_bounds_fail (test_survey_gallery.SurveyGalleryTests.test_invalid_bounds_fail) ... ok
test_offset_model_fits_center_and_maximum_extent (test_survey_gallery.SurveyGalleryTests.test_offset_model_fits_center_and_maximum_extent) ... ok
test_each_split_identity_prevents_leakage (test_survey_spec.SurveySpecTests.test_each_split_identity_prevents_leakage) ... ok
test_gsd_independent_repeatable_seed (test_survey_spec.SurveySpecTests.test_gsd_independent_repeatable_seed) ... ok
test_invalid_camera_inputs (test_survey_spec.SurveySpecTests.test_invalid_camera_inputs) ... ok
test_inventory_and_provenance (test_survey_spec.SurveySpecTests.test_inventory_and_provenance) ... ok
test_physical_calculations_and_bird_height (test_survey_spec.SurveySpecTests.test_physical_calculations_and_bird_height) ... ok
test_reference_config_and_missing_camera_fields (test_survey_spec.SurveySpecTests.test_reference_config_and_missing_camera_fields) ... ok
test_reject_changed_environment_or_oblique_geometry (test_survey_spec.SurveySpecTests.test_reject_changed_environment_or_oblique_geometry) ... ok
test_marlin_startup_profile_is_enabled_by_default (test_underwater_cue.UnderwaterCueTests.test_marlin_startup_profile_is_enabled_by_default) ... ok
test_runtime_ownership_setting_is_extension_scoped (test_underwater_cue.UnderwaterCueTests.test_runtime_ownership_setting_is_extension_scoped) ... ok
test_underwater_cue_defaults_are_subtle_and_blue_green (test_underwater_cue.UnderwaterCueTests.test_underwater_cue_defaults_are_subtle_and_blue_green) ... ok
test_underwater_cue_maps_every_reported_setting (test_underwater_cue.UnderwaterCueTests.test_underwater_cue_maps_every_reported_setting) ... ok
test_underwater_cue_uses_marlin_y_up_axis (test_underwater_cue.UnderwaterCueTests.test_underwater_cue_uses_marlin_y_up_axis) ... ok
test_absorption_and_scattering_are_authored (test_water_material.WaterMaterialTests.test_absorption_and_scattering_are_authored) ... ok
test_defaults_author_physical_water_transmission (test_water_material.WaterMaterialTests.test_defaults_author_physical_water_transmission) ... ok
test_thin_walled_remains_configurable_for_open_surface (test_water_material.WaterMaterialTests.test_thin_walled_remains_configurable_for_open_surface) ... ok
test_validation_settings_prevent_zero_bounce_refraction (test_water_material.WaterMaterialTests.test_validation_settings_prevent_zero_bounce_refraction) ... ok

----------------------------------------------------------------------
Ran 77 tests in 0.121s

OK
