Loading user config located at: '/home/madil/.local/share/ov/data/Kit/cris.madil/0.1/user.config.json'
2026-10-09T19:11:07Z [Info] [carb] Logging to file: /home/madil/.nvidia-omniverse/logs/Kit/cris.madil/0.1/kit_20261009_201107.log
[0.122s] [ext: omni.kit.async_engine-0.0.3] startup
[0.219s] [ext: omni.activity.core-1.0.3] startup
[0.221s] [ext: omni.activity.profiler-1.0.4] startup
[0.223s] [ext: omni.assets.plugins-0.0.0] startup
[0.224s] [ext: omni.blobkey-1.1.2] startup
[0.224s] [ext: omni.client.lib-1.1.1] startup
[0.233s] [ext: omni.client-1.3.0] startup
[0.237s] [ext: omni.protobuf.lib-1.0.1] startup
[0.238s] [ext: omni.grpc.lib-1.0.0] startup
[0.243s] [ext: omni.metrics.core-0.0.3] startup
[0.243s] [ext: omni.datastore-0.0.0] startup
WARNING: All log messages before absl::InitializeLog() is called are written to STDERR
E0000 00:00:1791573067.420171 2967689 descriptor_database.cc:633] File already exists in database: grpc/health/v1/health.proto
W0000 00:00:1791573067.420202 2967689 message.cc:301] Protobuf GeneratedMessageFactory: File is already registered: grpc/health/v1/health.proto
[0.244s] [ext: omni.gpu_foundation.shadercache.vulkan-1.0.0] startup
[0.247s] [ext: omni.hsscclient-1.1.4] startup
[0.247s] [ext: omni.stats-1.0.1] startup
[0.248s] [ext: omni.ujitso.default-1.0.0] startup
[0.251s] [ext: omni.gpu_foundation-0.0.0] startup
[0.504s] [ext: carb.windowing.plugins-1.0.1] startup
[0.511s] [ext: omni.kit.renderer.init-1.0.1] startup
2026-10-09T19:11:08Z [801ms] [Warning] [omni.rtx] Skipping unsupported non-NVIDIA GPU: AMD Ryzen 9 7950X3D 16-Core Processor (RADV RAPHAEL_MENDOCINO)
2026-10-09T19:11:08Z [802ms] [Warning] [omni.rtx] Skipping unsupported non-NVIDIA GPU: AMD Ryzen 9 7950X3D 16-Core Processor (RADV RAPHAEL_MENDOCINO)

|---------------------------------------------------------------------------------------------|
| Driver Version: 595.91.07     | Graphics API: Vulkan
|=============================================================================================|
| GPU | Name                             | Active | LDA | GPU Memory | Vendor-ID | LUID       |
|     |                                  |        |     |            | Device-ID | UUID       |
|     |                                  |        |     |            | Bus-ID    |            |
|---------------------------------------------------------------------------------------------|
| 0   | NVIDIA RTX A2000                 | Yes: 0 |     | 6138    MB | 10de      | 0          |
|     |                                  |        |     |            | 2531      | e488f6b1.. |
|     |                                  |        |     |            | 1         |            |
|---------------------------------------------------------------------------------------------|
| 1   | AMD Ryzen 9 7950X3D 16-Core Pr.. |        |     | 42302   MB | 1002      | 0          |
|     |                                  |        |     |            | 164e      | 00000000.. |
|     |                                  |        |     |            | 12        |            |
|=============================================================================================|
| OS: 26.04.1 LTS (Resolute Raccoon) ubuntu, Version: 26.04.1, Kernel: 7.0.0-38-generic
| XServer Vendor: The X.Org Foundation, XServer Version: 12401010 (1.24.1.10)
| Processor: AMD Ryzen 9 7950X3D 16-Core Processor
| Cores: 16 | Logical Cores: 32
|---------------------------------------------------------------------------------------------|
| Total Memory (MB): 125883 | Free Memory: 109380
| Total Page/Swap (MB): 8191 | Free Page/Swap: 8191
|---------------------------------------------------------------------------------------------|
2026-10-09T19:11:08Z [1,105ms] [Warning] [omni.rtx] CPU performance profile is set to powersave. This profile sets the CPU to the lowest frequency reducing performance.
2026-10-09T19:11:08Z [1,114ms] [Warning] [omni.rtx] IOMMU is enabled.
[1.263s] [ext: omni.kit.pipapi-0.0.0] startup
[1.265s] [ext: omni.kit.pip_archive-0.0.0] startup
[1.265s] [ext: omni.kit.telemetry-0.5.2] startup
[1.305s] [ext: omni.kit.loop-default-0.2.2] startup
[1.306s] [ext: omni.kit.test-2.0.9] startup
[1.362s] [ext: omni.materialx.libs-1.0.9] startup
[1.368s] [ext: omni.gpucompute.plugins-0.0.0] startup
[1.369s] [ext: omni.usd.config-1.0.7] startup
[1.373s] [ext: omni.usd.libs-1.0.3] startup
[1.443s] [ext: omni.iray.libs-0.0.1] startup
[1.448s] [ext: omni.mdl-57.0.3] startup
[1.514s] [ext: omni.mdl.neuraylib-0.2.22] startup
[1.517s] [ext: omni.kit.usd.mdl-1.1.11] startup
[1.616s] [ext: omni.appwindow-1.2.2] startup
[1.620s] [ext: omni.kit.renderer.core-1.2.2] startup
[1.699s] [ext: omni.kit.renderer.capture-2.0.1] startup
[1.703s] [ext: omni.kit.renderer.imgui-2.0.8] startup
[1.750s] [ext: omni.ui-3.2.5] startup
[1.759s] [ext: omni.kit.mainwindow-1.0.3] startup
[1.760s] [ext: omni.usd.schema.metrics.assembler-110.1.0] startup
[1.762s] [ext: omni.usd.schema.anim-0.0.1] startup
[1.776s] [ext: omni.usd.schema.audio-0.0.1] startup
[1.778s] [ext: omni.usd.schema.geospatial-0.0.1] startup
[1.780s] [ext: carb.audio-0.1.0] startup
[1.788s] [ext: omni.cubric-0.1.0] startup
[1.788s] [ext: omni.graph.exec-0.9.6] startup
[1.788s] [ext: omni.usd_resolver-1.0.0] startup
[1.791s] [ext: omni.usd.core-1.8.6] startup
[1.794s] [ext: omni.hydra.scene_delegate-0.3.5] startup
[1.797s] [ext: usdrt.scenegraph-7.6.3] startup
[1.820s] [ext: omni.hydra.usdrt_delegate-7.5.2] startup
[1.825s] [ext: omni.kit.actions.core-1.0.0] startup
[1.827s] [ext: omni.kit.audiodeviceenum-1.0.2] startup
[1.828s] [ext: omni.kit.commands-1.5.0] startup
[1.831s] [ext: omni.kit.exec.core-0.13.5] startup
[1.832s] [ext: omni.kit.usd_undo-0.1.8] startup
[1.832s] [ext: omni.kit.window.popup_dialog-2.0.26] startup
[1.835s] [ext: omni.kit.widget.connection_manager-1.0.2] startup
[1.840s] [ext: omni.timeline-1.1.0] startup
[1.842s] [ext: omni.usd-1.16.0] startup
[1.873s] [ext: omni.kit.asset_converter-6.0.1] startup
2026-10-09T19:11:09Z [1,845ms] [Error] [omni.ext._impl._internal] Failed to import python module asset_converter_native_bindings from /home/madil/kit-app-template/_build/linux-x86_64/release/extscache/omni.kit.asset_converter-6.0.1+110.1.1.lx64.r.cp312.u7f4. Error: libxml2.so.2: cannot open shared object file: No such file or directory. Traceback:
Traceback (most recent call last):
  File "/home/madil/.cache/packman/chk/kit-kernel/110.2.0+feature.manylinux_2_35_x86_64.release/kernel/py/omni/ext/_impl/_internal.py", line 212, in _custom_importer
    return _import_public(ext_module.path, ext_module.name, reload_enabled)
           ^^^^^^^^^^^^^^^^^^^^^^^^^^^^^^^^^^^^^^^^^^^^^^^^^^^^^^^^^^^^^^^^
  File "/home/madil/.cache/packman/chk/kit-kernel/110.2.0+feature.manylinux_2_35_x86_64.release/kernel/py/carb/profiler/__init__.py", line 107, in wrapper
    r = f(*args, **kwds)
        ^^^^^^^^^^^^^^^^
  File "/home/madil/.cache/packman/chk/kit-kernel/110.2.0+feature.manylinux_2_35_x86_64.release/kernel/py/omni/ext/_impl/_internal.py", line 111, in _import_public
    module = import_module(module_name)
             ^^^^^^^^^^^^^^^^^^^^^^^^^^
  File "/home/madil/.cache/packman/chk/kit-kernel/110.2.0+feature.manylinux_2_35_x86_64.release/kernel/py/carb/profiler/__init__.py", line 107, in wrapper
    r = f(*args, **kwds)
        ^^^^^^^^^^^^^^^^
  File "/home/madil/.cache/packman/chk/kit-kernel/110.2.0+feature.manylinux_2_35_x86_64.release/kernel/py/omni/ext/_impl/custom_importer.py", line 107, in import_module
    return importlib.import_module(name)
           ^^^^^^^^^^^^^^^^^^^^^^^^^^^^^
  File "/home/madil/.cache/packman/chk/kit-kernel/110.2.0+feature.manylinux_2_35_x86_64.release/python/lib/python3.12/importlib/__init__.py", line 90, in import_module
    return _bootstrap._gcd_import(name[level:], package, level)
           ^^^^^^^^^^^^^^^^^^^^^^^^^^^^^^^^^^^^^^^^^^^^^^^^^^^^
  File "<frozen importlib._bootstrap>", line 1387, in _gcd_import
  File "<frozen importlib._bootstrap>", line 1360, in _find_and_load
  File "<frozen importlib._bootstrap>", line 1331, in _find_and_load_unlocked
  File "<frozen importlib._bootstrap>", line 935, in _load_unlocked
  File "<frozen importlib._bootstrap_external>", line 999, in exec_module
  File "<frozen importlib._bootstrap>", line 488, in _call_with_frames_removed
  File "/home/madil/kit-app-template/_build/linux-x86_64/release/extscache/omni.kit.asset_converter-6.0.1+110.1.1.lx64.r.cp312.u7f4/asset_converter_native_bindings/__init__.py", line 141, in <module>
    ctypes.CDLL(os.path.join(_libs_dir, "libusd_convert_asset.so"))
  File "/home/madil/.cache/packman/chk/kit-kernel/110.2.0+feature.manylinux_2_35_x86_64.release/python/lib/python3.12/ctypes/__init__.py", line 382, in __init__
    self._handle = _dlopen(final_name, mode)
                   ^^^^^^^^^^^^^^^^^^^^^^^^^
OSError: libxml2.so.2: cannot open shared object file: No such file or directory

2026-10-09T19:11:09Z [1,845ms] [Error] [carb.scripting-python.plugin] Exception: Extension python module: 'asset_converter_native_bindings' in '/home/madil/kit-app-template/_build/linux-x86_64/release/extscache/omni.kit.asset_converter-6.0.1+110.1.1.lx64.r.cp312.u7f4' failed to load.

At:
  /home/madil/.cache/packman/chk/kit-kernel/110.2.0+feature.manylinux_2_35_x86_64.release/kernel/py/omni/ext/_impl/_internal.py(240): startup
  /home/madil/.cache/packman/chk/kit-kernel/110.2.0+feature.manylinux_2_35_x86_64.release/kernel/py/omni/ext/_impl/_internal.py(366): startup_extension
  PythonExtension.cpp::startup()(2): <module>

2026-10-09T19:11:09Z [1,845ms] [Error] [omni.ext.plugin] [ext: omni.kit.asset_converter-6.0.1] Failed to startup python extension.
[1.931s] [ext: omni.usd.schema.omni_dome_light-1.0.0] startup
[1.934s] [ext: omni.usd.schema.omni_projectors-1.0.0] startup
[1.935s] [ext: omni.usd.schema.omnigraph-1.0.1] startup
[1.940s] [ext: omni.usd.schema.physical_lighting-0.1.0] startup
[1.943s] [ext: omni.usd.schema.physx-110.1.1] startup
[1.970s] [ext: omni.usd.schema.render_settings.rtx-1.0.2] startup
[1.973s] [ext: omni.usd.schema.usd_particle_field-1.0.0] startup
[1.974s] [ext: omni.activity.pump-1.0.1] startup
[1.975s] [ext: omni.inspect-1.0.2] startup
[1.976s] [ext: omni.graph.core-3.1.3] startup
[1.979s] [ext: omni.graph.tools-1.81.0] startup
[2.000s] [ext: omni.graph-1.142.5] startup
[2.037s] [ext: omni.kit.menu.core-1.2.1] startup
[2.039s] [ext: omni.kit.menu.utils-2.2.6] startup
[2.045s] [ext: omni.kit.notification_manager-1.0.13] startup
[2.046s] [ext: omni.kit.usd.layers-2.6.1] startup
[2.054s] [ext: omni.kit.primitive.mesh-1.1.0] startup
[2.056s] [ext: omni.kit.stage_template.core-1.1.22] startup
[2.057s] [ext: omni.kit.stage_templates-2.0.2] startup
[2.059s] [ext: omni.anim.curve.core-1.6.0] startup
[2.070s] [ext: omni.convexdecomposition-110.1.1] startup
[2.073s] [ext: omni.graph.action_core-1.1.9] startup
[2.075s] [ext: omni.graph.action_nodes_core-2.11.0] startup
[2.077s] [ext: omni.kit.clipboard-1.1.1] startup
[2.078s] [ext: omni.kit.helper.file_utils-0.1.10] startup
[2.080s] [ext: omni.kit.widget.path_field-2.0.13] startup
[2.081s] [ext: omni.kit.widget.browser_bar-2.0.11] startup
[2.081s] [ext: omni.kit.widget.context_menu-1.4.1] startup
[2.083s] [ext: omni.kit.widget.filebrowser-2.13.6] startup
[2.087s] [ext: omni.kit.widget.nucleus_connector-2.4.0] startup
[2.088s] [ext: omni.kit.widget.options_menu-1.1.6] startup
[2.090s] [ext: omni.kit.widget.options_button-1.0.3] startup
[2.091s] [ext: omni.ui.scene-2.0.3] startup
[2.096s] [ext: omni.kit.window.filepicker-3.0.5] startup
[2.107s] [ext: omni.graph.action_nodes-2.11.0] startup
[2.130s] [ext: omni.graph.action-2.10.2] startup
[2.131s] [ext: omni.graph.image.core-0.6.1] startup
[2.132s] [ext: omni.graph.image.nodes-1.3.2] startup
[2.133s] [ext: omni.graph.nodes_core-2.11.0] startup
[2.138s] [ext: omni.graph.nodes-2.12.0] startup
[2.143s] [ext: omni.kit.context_menu-1.10.0] startup
[2.145s] [ext: omni.kit.hotkeys.core-1.3.12] startup
[2.146s] [ext: omni.kit.property.adapter.core-1.1.1] startup
[2.148s] [ext: omni.kit.property.adapter.usd-1.0.5] startup
[2.150s] [ext: omni.kit.widget.filter-1.1.5] startup
[2.150s] [ext: omni.kit.widget.highlight_label-1.0.3] startup
[2.151s] [ext: omni.kit.widget.searchfield-1.1.8] startup
[2.152s] [ext: omni.kit.window.file_exporter-1.0.38] startup
[2.154s] [ext: omni.kit.widget.stage-4.4.2] startup
[2.162s] [ext: omni.kit.window.content_browser_registry-0.0.6] startup
[2.163s] [ext: omni.kit.window.drop_support-1.0.8] startup
[2.164s] [ext: omni.kit.window.file_importer-1.1.22] startup
[2.165s] [ext: omni.kit.window.file-2.0.13] startup
[2.167s] [ext: omni.kit.window.content_browser-3.1.10] startup
[2.177s] [ext: omni.kit.window.property-1.15.2] startup
[2.397s] [ext: omni.usd.schema.playback-1.1.0] startup
[2.398s] [ext: omni.kit.property.usd-4.9.8] startup
[2.408s] [ext: omni.kit.widget.text_editor-1.1.1] startup
[2.409s] [ext: omni.graph.scriptnode-2.10.2] startup
[2.418s] [ext: omni.hydra.engine.stats-1.0.5] startup
[2.420s] [ext: omni.hydra.rtx.shadercache.vulkan-1.0.0] startup
[2.421s] [ext: omni.index.libs-392300.31.0] startup
[2.421s] [ext: omni.index-1.0.1] startup
[2.422s] [ext: omni.ujitso.client-0.0.0] startup
[2.422s] [ext: omni.volume-0.5.2] startup
[2.426s] [ext: omni.hydra.rtx-1.0.4] startup
2026-10-09T19:11:09Z [2,406ms] [Warning] [omni.log] Source: omni.hydra was already registered.
[2.475s] [ext: omni.kit.hydra_texture-1.6.0] startup
[2.479s] [ext: omni.kit.material.library-3.1.4] startup
[2.484s] [ext: omni.kit.raycast.query-1.2.0] startup
[2.488s] [ext: omni.kit.viewport.legacy_gizmos-1.0.24] startup
[2.490s] [ext: omni.kit.viewport.registry-104.0.6] startup
[2.491s] [ext: omni.kit.viewport.scene_camera_model-1.0.7] startup
[2.494s] [ext: omni.kit.widget.viewport-110.0.0] startup
[2.498s] [ext: omni.kit.viewport.window-110.0.0] startup
[2.510s] [ext: omni.kit.viewport.utility-2.1.0] startup
[2.511s] [ext: omni.graph.ui_nodes-2.11.1] startup
[2.538s] [ext: omni.kit.debug.python-1.0.2] startup
[omni.kit.debug.python] Error running python debugger: Can't listen for client connections: [Errno 98] Address already in use
[2.640s] [ext: omni.kit.widget.searchable_combobox-1.0.7] startup
[2.642s] [ext: omni.kit.widget.settings-2.0.0] startup
[2.643s] [ext: omni.kit.debug.settings-1.0.3] startup
[2.645s] [ext: omni.kit.debug.vscode-0.1.7] startup
[2.646s] [ext: omni.kit.window.commands-0.2.9] startup
[2.647s] [ext: omni.kit.window.extensions-1.5.13] startup
[2.653s] [ext: omni.kit.window.script_editor-2.0.9] startup
[2.655s] [ext: omni.kit.dev.utilities.bundle-0.2.1] startup
[2.656s] [ext: omni.kit.developer.bundle-0.2.0] startup
[2.657s] [ext: omni.kit.manipulator.camera-110.1.0] startup
[2.660s] [ext: omni.kit.manipulator.selector-1.1.4] startup
[2.661s] [ext: omni.kit.window.preferences-1.8.5] startup
[2.666s] [ext: omni.kit.manipulator.transform-107.0.0] startup
[2.670s] [ext: omni.kit.widget.toolbar-2.1.0] startup
[2.676s] [ext: omni.kit.manipulator.tool.snap-1.5.14] startup
[2.680s] [ext: omni.kit.viewport.manipulator.transform-107.0.4] startup
[2.683s] [ext: omni.kit.manipulator.prim.core-108.0.2] startup
[2.689s] [ext: omni.kit.manipulator.prim.usd-107.0.3] startup
[2.691s] [ext: omni.kit.manipulator.prim-108.0.0] startup
[2.691s] [ext: omni.kit.manipulator.selection-110.0.0] startup
[2.692s] [ext: omni.kit.menu.create-2.0.2] startup
[2.693s] [ext: omni.kit.selection-0.1.6] startup
[2.694s] [ext: omni.kit.menu.edit-2.0.11] startup
[2.697s] [ext: omni.kit.menu.file-1.1.23] startup
[2.724s] [ext: omni.kit.property.audio-1.0.16] startup
[2.725s] [ext: omni.kit.property.camera-1.0.14] startup
[2.726s] [ext: omni.kit.property.geometry-2.1.2] startup
[2.729s] [ext: omni.kit.property.light-1.0.14] startup
[2.737s] [ext: omni.kit.property.material-1.14.8] startup
[2.743s] [ext: omni.kit.property.render-1.2.2] startup
[2.744s] [ext: omni.kit.property.transform-1.6.11] startup
[2.748s] [ext: omni.kit.property.bundle-1.5.2] startup
[2.749s] [ext: omni.kit.usd.collect-3.0.6] startup
[2.752s] [ext: omni.kit.widget.prompt-1.0.7] startup
[2.753s] [ext: omni.kit.usdz_export-1.1.0] startup
[2.754s] [ext: omni.kit.tool.asset_importer-6.0.2] startup
2026-10-09T19:11:09Z [2,723ms] [Error] [omni.ext._impl.custom_importer] Failed to import python module omni.kit.tool.asset_importer. Error: cannot import name 'OmniClientWrapper' from 'omni.kit.asset_converter' (unknown location). Traceback:
Traceback (most recent call last):
  File "/home/madil/.cache/packman/chk/kit-kernel/110.2.0+feature.manylinux_2_35_x86_64.release/kernel/py/omni/ext/_impl/custom_importer.py", line 107, in import_module
    return importlib.import_module(name)
           ^^^^^^^^^^^^^^^^^^^^^^^^^^^^^
  File "/home/madil/.cache/packman/chk/kit-kernel/110.2.0+feature.manylinux_2_35_x86_64.release/python/lib/python3.12/importlib/__init__.py", line 90, in import_module
    return _bootstrap._gcd_import(name[level:], package, level)
           ^^^^^^^^^^^^^^^^^^^^^^^^^^^^^^^^^^^^^^^^^^^^^^^^^^^^
  File "<frozen importlib._bootstrap>", line 1387, in _gcd_import
  File "<frozen importlib._bootstrap>", line 1360, in _find_and_load
  File "<frozen importlib._bootstrap>", line 1331, in _find_and_load_unlocked
  File "<frozen importlib._bootstrap>", line 935, in _load_unlocked
  File "<frozen importlib._bootstrap_external>", line 999, in exec_module
  File "<frozen importlib._bootstrap>", line 488, in _call_with_frames_removed
  File "/home/madil/kit-app-template/_build/linux-x86_64/release/extscache/omni.kit.tool.asset_importer-6.0.2+110.1.1/omni/kit/tool/asset_importer/__init__.py", line 1, in <module>
    from .extension import AssetImporterExtension, is_supported_format, register_importer, remove_importer
  File "/home/madil/kit-app-template/_build/linux-x86_64/release/extscache/omni.kit.tool.asset_importer-6.0.2+110.1.1/omni/kit/tool/asset_importer/extension.py", line 28, in <module>
    from .builtin_importer import BuiltinImporter
  File "/home/madil/kit-app-template/_build/linux-x86_64/release/extscache/omni.kit.tool.asset_importer-6.0.2+110.1.1/omni/kit/tool/asset_importer/builtin_importer.py", line 11, in <module>
    from omni.kit.asset_converter import OmniClientWrapper
ImportError: cannot import name 'OmniClientWrapper' from 'omni.kit.asset_converter' (unknown location)

2026-10-09T19:11:09Z [2,723ms] [Error] [carb.scripting-python.plugin] Exception: Extension python module: 'omni.kit.tool.asset_importer' in '/home/madil/kit-app-template/_build/linux-x86_64/release/extscache/omni.kit.tool.asset_importer-6.0.2+110.1.1' failed to load.

At:
  /home/madil/.cache/packman/chk/kit-kernel/110.2.0+feature.manylinux_2_35_x86_64.release/kernel/py/omni/ext/_impl/_internal.py(240): startup
  /home/madil/.cache/packman/chk/kit-kernel/110.2.0+feature.manylinux_2_35_x86_64.release/kernel/py/omni/ext/_impl/_internal.py(366): startup_extension
  PythonExtension.cpp::startup()(2): <module>

2026-10-09T19:11:09Z [2,723ms] [Error] [omni.ext.plugin] [ext: omni.kit.tool.asset_importer-6.0.2] Failed to startup python extension.
[2.899s] [ext: omni.kit.tool.collect-2.2.19] startup
[2.904s] [ext: omni.kit.ui.actions-1.0.5] startup
[2.910s] [ext: omni.kit.viewport.actions-110.1.0] startup
[2.914s] [ext: omni.kit.viewport.menubar.core-110.0.1] startup
[2.927s] [ext: omni.kit.viewport.menubar.camera-107.0.10] startup
[2.932s] [ext: omni.kit.viewport.menubar.display-107.1.3] startup
[2.933s] [ext: omni.kit.viewport.menubar.lighting-107.3.2] startup
[2.936s] [ext: omni.kit.viewport.menubar.render-110.1.1] startup
[2.938s] [ext: omni.kit.viewport.menubar.settings-110.0.1] startup
[2.941s] [ext: omni.kit.viewport.ready-1.0.9] startup
[2.942s] [ext: omni.kit.widget.cache_indicator-3.0.12] startup
2026-10-09T19:11:10Z [2,972ms] [Warning] [omni.kit.widget.cache_indicator.cache_state_menu] Unable to detect Omniverse Cache Server. File /home/madil/.nvidia-omniverse/config/omniverse.toml is not found. Consider installing it for better IO performance.
[3.007s] [ext: omni.kit.widget.stage_icons-1.0.8] startup
[3.008s] [ext: omni.kit.window.console-1.1.9] startup
[3.011s] [ext: omni.kit.window.stage-2.6.1] startup
[3.014s] [ext: omni.kit.window.status_bar-0.1.11] startup
[3.017s] [ext: omni.kit.window.toolbar-3.0.3] startup
[3.019s] [ext: omni.ocio-0.1.1] startup
[3.020s] [ext: omni.physx.gpu-110.1.1] startup
[3.020s] [ext: omni.physx.foundation-110.1.1] startup
[3.022s] [ext: omni.usdphysics-110.1.1] startup
[3.024s] [ext: omni.physx.cooking-110.1.1] startup
[3.026s] [ext: omni.physx-110.1.1] startup
Warning: Possible version incompatibility. Attempting to load omni::fabric::IStageReaderWriter with version v0.16 against v0.14.
[3.035s] [ext: omni.physx.stageupdate-110.1.1] startup
[3.038s] [ext: omni.rtx.window.settings-0.8.1] startup
[3.042s] [ext: omni.rtx.settings.core-0.7.1] startup
[3.045s] [ext: omni.uiaudio-1.0.0] startup
[3.046s] [ext: omni.usd.metrics.assembler-110.1.0] startup
[3.049s] [ext: omni.usd.metrics.assembler.ui-110.1.0] startup
[3.055s] [ext: omni.warp.core-1.14.0] startup
[3.056s] [ext: omni.kit.menu.common-2.0.2] startup
[3.057s] [ext: cris.madil-0.1.0] startup
[3.058s] [ext: omni.services.facilities.base-1.0.5] startup
[3.058s] [ext: omni.services.core-1.9.3] startup
[3.302s] [ext: omni.services.transport.server.base-1.1.2] startup
[3.303s] [ext: omni.services.transport.server.http-1.3.2] startup
[3.320s] [ext: cris.madil.render_service-0.1.0] startup
[CRIS Render Service] MyExtension startup : Local Docs -  http://localhost:8011/docs
[3.387s] [ext: cris.madil.gama_bridge-0.1.0] startup
[3.850s] app ready
[4.866s] RTX ready
2026-10-09T19:12:03Z [56,749ms] [Warning] [omni.fabric.plugin] Warning: attribute evaluatedTranslations not found for bucket id 3d

2026-10-09T19:12:03Z [56,750ms] [Warning] [omni.kit.widget.viewport.impl.utility] Updated /OmniverseKit_Persp in anon:0x607d1f60a700 to Sdf.SpecifierOver
2026-10-09T19:12:03Z [56,751ms] [Warning] [omni.kit.widget.viewport.impl.utility] Updated /OmniverseKit_Front in anon:0x607d1f60a700 to Sdf.SpecifierOver
2026-10-09T19:12:03Z [56,752ms] [Warning] [omni.kit.widget.viewport.impl.utility] Updated /OmniverseKit_Top in anon:0x607d1f60a700 to Sdf.SpecifierOver
2026-10-09T19:12:03Z [56,752ms] [Warning] [omni.kit.widget.viewport.impl.utility] Updated /OmniverseKit_Right in anon:0x607d1f60a700 to Sdf.SpecifierOver
[CRIS Render Service] Spawned cetacean Bottlenose_Carimam from /home/madil/kit-app-template/assets/cetaceans/bottlenose_dolphin/usd/bottlenose_dolphin.usd
[CRIS Render Service] Spawned cetacean Cuvier_Whale from /home/madil/kit-app-template/assets/cetaceans/cuvier_whale/usd/cuvier_whale.usd
[CRIS Render Service] Spawned cetacean Frasers_Dolphin from /home/madil/kit-app-template/assets/cetaceans/frasers_dolphin/usd/frasers_dolphin.usd
[CRIS Render Service] Spawned cetacean Humpback_Whale from /home/madil/kit-app-template/assets/cetaceans/humpback_whale/usd/humpback_whale.usd
[CRIS Render Service] Spawned cetacean Manatee from /home/madil/kit-app-template/assets/cetaceans/manatee/usd/manatee.usd
[CRIS Render Service] Spawned cetacean Bottlenose_DigitalLife from /home/madil/kit-app-template/assets/cetaceans/model_61a_-_bottlenose_dolphin/usd/model_61a_-_bottlenose_dolphin.usd
[CRIS Render Service] Spawned cetacean Spotted_Dolphin from /home/madil/kit-app-template/assets/cetaceans/pantropical_spotted_dolphin/usd/pantropical_spotted_dolphin.usd
[CRIS Render Service] Spawned cetacean Pilot_Whale from /home/madil/kit-app-template/assets/cetaceans/pilot_whale/usd/pilot_whale.usd
[CRIS Render Service] Spawned cetacean Pygmy_Sperm_Whale from /home/madil/kit-app-template/assets/cetaceans/pygmy_sperm_whale/usd/pygmy_sperm_whale.usd
2026-10-09T19:12:04Z [57,109ms] [Warning] [omni.usd] Encountered USD Warnings but USD Diagnostics are currently muted. To view USD Warnings, please set the '/persistent/app/usd/muteUsdDiagnostics' setting to false in Preferences page.
[CRIS Render Service] Spawned cetacean Sperm_Whale from /home/madil/kit-app-template/assets/cetaceans/sperm_whale/usd/sperm_whale.usd
[CRIS Render Service] Spawned cetacean Steno_Dolphin from /home/madil/kit-app-template/assets/cetaceans/steno_dolphin/usd/steno_dolphin.usd
[CRIS Render Service] Ocean animation started: /World/Ocean
2026-10-09T19:12:04Z [57,744ms] [Warning] [omni.hydra] Mesh '/World/Cetaceans/Cuvier_Whale/Model/Sketchfab_model/Ziphius_cavirostris__LODa_fbx/RootNode/polySurface1/polySurface1_lambert2_0/polySurface1_lambert2_0' update topology/point without updating normal, fallback to smooth normal.
2026-10-09T19:16:23Z [316,035ms] [Warning] [omni.kit.widget.viewport.impl.utility] Updated /OmniverseKit_Persp in anon:0x607d2c056a50:.usda to Sdf.SpecifierOver
2026-10-09T19:16:23Z [316,036ms] [Warning] [omni.kit.widget.viewport.impl.utility] Updated /OmniverseKit_Front in anon:0x607d2c056a50:.usda to Sdf.SpecifierOver
2026-10-09T19:16:23Z [316,036ms] [Warning] [omni.kit.widget.viewport.impl.utility] Updated /OmniverseKit_Top in anon:0x607d2c056a50:.usda to Sdf.SpecifierOver
2026-10-09T19:16:23Z [316,037ms] [Warning] [omni.kit.widget.viewport.impl.utility] Updated /OmniverseKit_Right in anon:0x607d2c056a50:.usda to Sdf.SpecifierOver
2026-10-09T19:18:36Z [449,097ms] [Warning] [omni.kit.widget.viewport.impl.utility] Updated /OmniverseKit_Persp in anon:0x607d2c98cbf0:.usda to Sdf.SpecifierOver
2026-10-09T19:18:36Z [449,097ms] [Warning] [omni.kit.widget.viewport.impl.utility] Updated /OmniverseKit_Front in anon:0x607d2c98cbf0:.usda to Sdf.SpecifierOver
2026-10-09T19:18:36Z [449,098ms] [Warning] [omni.kit.widget.viewport.impl.utility] Updated /OmniverseKit_Top in anon:0x607d2c98cbf0:.usda to Sdf.SpecifierOver
2026-10-09T19:18:36Z [449,098ms] [Warning] [omni.kit.widget.viewport.impl.utility] Updated /OmniverseKit_Right in anon:0x607d2c98cbf0:.usda to Sdf.SpecifierOver
