{
  "status": "passed",
  "run_id": "m5_positive_seed_2147483647_a",
  "requested_seed": 2147483647,
  "started_at_utc": "2026-10-08T18:32:14.170404+00:00",
  "command": [
    "/usr/sbin/gama-headless",
    "-m",
    "1024m",
    "-ws",
    "/home/madil/kit-app-template/artifacts/gama_marlin_v1/workspaces/m5_positive_seed_2147483647_a",
    "/home/madil/kit-app-template/experiments/gama_marlin_v1/trajectories/m5_positive_seed_2147483647_a/experiment.xml",
    "/home/madil/kit-app-template/experiments/gama_marlin_v1/trajectories/m5_positive_seed_2147483647_a/raw"
  ],
  "cwd": "/home/madil/kit-app-template",
  "runtime": {
    "gama.commit": "ab35ccb69a12b3e2ac9e0b902662f24a82367995",
    "gama.jdk": "21.0.7+6",
    "gama.version": "2025.6.4"
  },
  "launcher": "/opt/gama-platform/headless/gama-headless.sh",
  "launcher_sha256": "d43692e651a266190de49af73a1496822ba2cfd87436d55abfff6aa565440c12",
  "runtime_configuration_sha256": "9f51b1826e86deb4995566ff4a8ee9ae560a67ba1657b8b443dcf4661d800055",
  "model_source": "integrations/gama/porpoise_behaviour.gaml",
  "model_sha256": "fff5b482af65152789d161c2a00af61680c05bd9a8f0d2b53f83072ddc03020f",
  "configuration_sha256": "9454927778104ab047baa0e7b773bd5d35363375d46d6f3faba58648d41cacd7",
  "experiment_plan_sha256": "20a977b275054dfeab71b63b3c53f99dc9e0efaa2c2310bd25dadc05ffaf3011",
  "asset_calibration_sha256": "898aa89c6faa87d07f66e7f8de1cc0e9c90f90d9c2d5571ddef71f665c2f8171",
  "asset_sha256": "1d5e96c29b976e07a434381db5e58aae95198cec91a1738c2176a0d4ff7346ef",
  "biological_approval": false,
  "marlin_http_used": false,
  "scene_actor_acquired": false,
  "return_code": 0,
  "actual_seed": 2147483647,
  "canonical_state_sha256": "a14011436d2ea0df1312212d6e3dfb09916bddbed3cd7f4ad406c40c6c969948",
  "canonical_comparison_excluded_fields": [
    "run_id"
  ],
  "samples": 41,
  "raw_xml_sha256": "2dc76b3c1588a97789f540452f972a06f39198427d0415afd928129e28a2f749",
  "trajectory_sha256": "cb3ff9a337a4784797f77ef6fc8ec965eb56ef8910271db62c084b166f606f99",
  "elapsed_wall_time_s": 3.122114555008011,
  "finished_at_utc": "2026-10-08T18:32:17.295555+00:00"
}
