test_authored_cycle_contains_full_rig_and_frame_range (test_baked_animation.BakedDolphinAnimationTests.test_authored_cycle_contains_full_rig_and_frame_range) ... ok
test_tail_joints_change_during_cycle (test_baked_animation.BakedDolphinAnimationTests.test_tail_joints_change_during_cycle) ... ok
test_bad_inputs (test_bartlett_geometry.BartlettTests.test_bad_inputs) ... ok
test_basis_and_projection_against_scalar_intersection (test_bartlett_geometry.BartlettTests.test_basis_and_projection_against_scalar_intersection) ... ok
test_chunking_and_directionality (test_bartlett_geometry.BartlettTests.test_chunking_and_directionality) ... ok
test_facing_edge_gaps_not_outer_corner_sections (test_bartlett_geometry.BartlettTests.test_facing_edge_gaps_not_outer_corner_sections) ... ok
test_flat_nadir_spacing_area_and_invalid_boundaries (test_bartlett_geometry.BartlettTests.test_flat_nadir_spacing_area_and_invalid_boundaries) ... ok
test_paper_nominal_not_manufacturer_pitch (test_bartlett_geometry.BartlettTests.test_paper_nominal_not_manufacturer_pitch) ... ok
test_authored_usd_projection_in_both_unit_conventions (test_calibration_geometry.CalibrationTests.test_authored_usd_projection_in_both_unit_conventions) ... ok
test_expected_projection (test_calibration_geometry.CalibrationTests.test_expected_projection) ... ok
test_missing_invalid_and_cropped_inputs (test_calibration_geometry.CalibrationTests.test_missing_invalid_and_cropped_inputs) ... ok
test_oblique_authored_camera_matches_independent_projection (test_calibration_geometry.CalibrationTests.test_oblique_authored_camera_matches_independent_projection) ... ok
test_oblique_ray_projection_and_gsd (test_calibration_geometry.CalibrationTests.test_oblique_ray_projection_and_gsd) ... ok
test_independent_consistency_calculations (test_camera_evidence.CameraEvidenceTests.test_independent_consistency_calculations) ... ok
test_paper_nominal_and_provenance_categories (test_camera_evidence.CameraEvidenceTests.test_paper_nominal_and_provenance_categories) ... ok
test_paper_review_distinguishes_pitch_from_yaw_inference (test_camera_evidence.CameraEvidenceTests.test_paper_review_distinguishes_pitch_from_yaw_inference) ... ok
test_accelerated_motion_respects_acceleration_and_no_overshoot (test_camera_math.CameraMathTests.test_accelerated_motion_respects_acceleration_and_no_overshoot) ... ok
test_chase_camera_normalizes_horizontal_forward (test_camera_math.CameraMathTests.test_chase_camera_normalizes_horizontal_forward) ... ok
test_chase_camera_sits_behind_heading_zero (test_camera_math.CameraMathTests.test_chase_camera_sits_behind_heading_zero) ... ok
test_damp_point_moves_toward_target (test_camera_math.CameraMathTests.test_damp_point_moves_toward_target) ... ok
test_damping_is_frame_rate_independent (test_camera_math.CameraMathTests.test_damping_is_frame_rate_independent) ... ok
test_documentary_camera_holds_then_delays (test_camera_math.CameraMathTests.test_documentary_camera_holds_then_delays) ... ok
test_documentary_camera_runs_full_state_cycle (test_camera_math.CameraMathTests.test_documentary_camera_runs_full_state_cycle) ... ok
test_horizontal_error_ignores_wave_height (test_camera_math.CameraMathTests.test_horizontal_error_ignores_wave_height) ... ok
test_every_gallery_usd_exists (test_cetacean_gallery.CetaceanGalleryTests.test_every_gallery_usd_exists) ... ok
test_gallery_contains_every_converted_model (test_cetacean_gallery.CetaceanGalleryTests.test_gallery_contains_every_converted_model) ... ok
test_every_gallery_species_has_a_motion_profile (test_cetacean_motion.CetaceanMotionTests.test_every_gallery_species_has_a_motion_profile) ... ok
test_forward_heading_accounts_for_opposite_tail_ends (test_cetacean_motion.CetaceanMotionTests.test_forward_heading_accounts_for_opposite_tail_ends) ... ok
test_forward_heading_handles_horizontal_x_aligned_assets (test_cetacean_motion.CetaceanMotionTests.test_forward_heading_handles_horizontal_x_aligned_assets) ... ok
test_only_rigged_digital_life_asset_uses_skeletal_backend (test_cetacean_motion.CetaceanMotionTests.test_only_rigged_digital_life_asset_uses_skeletal_backend) ... ok
test_torso_stays_rigid_and_tail_reaches_full_envelope (test_cetacean_motion.CetaceanMotionTests.test_torso_stays_rigid_and_tail_reaches_full_envelope) ... ok
test_wave_is_dorsoventral_and_periodic (test_cetacean_motion.CetaceanMotionTests.test_wave_is_dorsoventral_and_periodic) ... ok
test_gentle_waves_and_diffuse_sky (test_gentle_environment.GentleEnvironmentTests.test_gentle_waves_and_diffuse_sky) ... ok
test_no_actor_camera_or_exposure_control (test_gentle_environment.GentleEnvironmentTests.test_no_actor_camera_or_exposure_control) ... ok
test_phase_reset_and_stage_guard_documented (test_gentle_environment.GentleEnvironmentTests.test_phase_reset_and_stage_guard_documented) ... ok
test_restore_scope_excludes_animals (test_gentle_environment.GentleEnvironmentTests.test_restore_scope_excludes_animals) ... ok
test_nominal_not_actual_oblique_gsd (test_hidef_camera.HiDefTests.test_nominal_not_actual_oblique_gsd) ... ok
test_pose_is_cross_track_tilt_not_optical_roll (test_hidef_camera.HiDefTests.test_pose_is_cross_track_tilt_not_optical_roll) ... ok
test_preview_preserves_footprint_not_sampling (test_hidef_camera.HiDefTests.test_preview_preserves_footprint_not_sampling) ... ok
test_projection_roundtrip (test_hidef_camera.HiDefTests.test_projection_roundtrip) ... ok
test_provenance_and_native_sensitivity (test_hidef_camera.HiDefTests.test_provenance_and_native_sensitivity) ... ok
test_move_toward_does_not_overshoot (test_movement.MovementTests.test_move_toward_does_not_overshoot) ... ok
test_move_toward_treats_negative_delta_as_zero (test_movement.MovementTests.test_move_toward_treats_negative_delta_as_zero) ... ok
test_natural_attitude_clamps_turn_bank (test_movement.MovementTests.test_natural_attitude_clamps_turn_bank) ... ok
test_natural_attitude_pitches_into_vertical_motion (test_movement.MovementTests.test_natural_attitude_pitches_into_vertical_motion) ... ok
test_normalize_heading_wraps_both_directions (test_movement.MovementTests.test_normalize_heading_wraps_both_directions) ... ok
test_turn_toward_stops_at_target (test_movement.MovementTests.test_turn_toward_stops_at_target) ... ok
test_turn_toward_uses_shortest_path_across_zero (test_movement.MovementTests.test_turn_toward_uses_shortest_path_across_zero) ... ok
test_isolation_cleanup_and_no_time_samples (test_petrel_playback.PetrelPlaybackTests.test_isolation_cleanup_and_no_time_samples) ... ok
test_loop_pause_speed_and_timeline_independence (test_petrel_playback.PetrelPlaybackTests.test_loop_pause_speed_and_timeline_independence) ... ok
test_pose_export_rejected (test_petrel_playback.PetrelPlaybackTests.test_pose_export_rejected) ... ok
test_removed_target_and_independent_instances (test_petrel_playback.PetrelPlaybackTests.test_removed_target_and_independent_instances) ... ok
test_smooth_transition_and_reversal (test_petrel_playback.PetrelPlaybackTests.test_smooth_transition_and_reversal) ... ok
test_validation (test_petrel_playback.PetrelPlaybackTests.test_validation) ... ok
test_invalid_bounds_fail (test_survey_gallery.SurveyGalleryTests.test_invalid_bounds_fail) ... ok
test_offset_model_fits_center_and_maximum_extent (test_survey_gallery.SurveyGalleryTests.test_offset_model_fits_center_and_maximum_extent) ... ok
test_each_split_identity_prevents_leakage (test_survey_spec.SurveySpecTests.test_each_split_identity_prevents_leakage) ... ok
test_gsd_independent_repeatable_seed (test_survey_spec.SurveySpecTests.test_gsd_independent_repeatable_seed) ... ok
test_invalid_camera_inputs (test_survey_spec.SurveySpecTests.test_invalid_camera_inputs) ... ok
test_inventory_and_provenance (test_survey_spec.SurveySpecTests.test_inventory_and_provenance) ... ok
test_physical_calculations_and_bird_height (test_survey_spec.SurveySpecTests.test_physical_calculations_and_bird_height) ... ok
test_reference_config_and_missing_camera_fields (test_survey_spec.SurveySpecTests.test_reference_config_and_missing_camera_fields) ... ok
test_reject_changed_environment_or_oblique_geometry (test_survey_spec.SurveySpecTests.test_reject_changed_environment_or_oblique_geometry) ... ok
test_marlin_startup_profile_is_enabled_by_default (test_underwater_cue.UnderwaterCueTests.test_marlin_startup_profile_is_enabled_by_default) ... ok
test_runtime_ownership_setting_is_extension_scoped (test_underwater_cue.UnderwaterCueTests.test_runtime_ownership_setting_is_extension_scoped) ... ok
test_underwater_cue_defaults_are_subtle_and_blue_green (test_underwater_cue.UnderwaterCueTests.test_underwater_cue_defaults_are_subtle_and_blue_green) ... ok
test_underwater_cue_maps_every_reported_setting (test_underwater_cue.UnderwaterCueTests.test_underwater_cue_maps_every_reported_setting) ... ok
test_underwater_cue_uses_marlin_y_up_axis (test_underwater_cue.UnderwaterCueTests.test_underwater_cue_uses_marlin_y_up_axis) ... ok
test_absorption_and_scattering_are_authored (test_water_material.WaterMaterialTests.test_absorption_and_scattering_are_authored) ... ok
test_defaults_author_physical_water_transmission (test_water_material.WaterMaterialTests.test_defaults_author_physical_water_transmission) ... ok
test_thin_walled_remains_configurable_for_open_surface (test_water_material.WaterMaterialTests.test_thin_walled_remains_configurable_for_open_surface) ... ok
test_validation_settings_prevent_zero_bounce_refraction (test_water_material.WaterMaterialTests.test_validation_settings_prevent_zero_bounce_refraction) ... ok
test_explicit_product_ignores_ui_buffer_but_rejects_product_resize (test_capture_projection.ProjectionTests.test_explicit_product_ignores_ui_buffer_but_rejects_product_resize) ... ok
test_explicit_product_rejects_wrong_camera_and_pixel_aspect (test_capture_projection.ProjectionTests.test_explicit_product_rejects_wrong_camera_and_pixel_aspect) ... ok
test_reject_aperture_aspect (test_capture_projection.ProjectionTests.test_reject_aperture_aspect) ... ok
test_reject_crop_and_pixel_aspect (test_capture_projection.ProjectionTests.test_reject_crop_and_pixel_aspect) ... ok
test_reject_mismatched_product (test_capture_projection.ProjectionTests.test_reject_mismatched_product) ... ok
test_ui_aspect_cannot_change_image_projection (test_capture_projection.ProjectionTests.test_ui_aspect_cannot_change_image_projection) ... ok
test_candidate_length_and_flat_waterline (test_gama_actor.ActorTests.test_candidate_length_and_flat_waterline) ... ok
test_counterfactual_only_authors_visibility (test_gama_actor.ActorTests.test_counterfactual_only_authors_visibility) ... ok
test_existing_root_and_second_ownership_refused (test_gama_actor.ActorTests.test_existing_root_and_second_ownership_refused) ... ok
test_gates_and_atomic_rejection (test_gama_actor.ActorTests.test_gates_and_atomic_rejection) ... ok
test_legacy_profile_and_stage_units (test_gama_actor.ActorTests.test_legacy_profile_and_stage_units) ... ok
test_pose_and_exact_release (test_gama_actor.ActorTests.test_pose_and_exact_release) ... ok
test_retries_order_disconnect_and_metadata (test_gama_actor.ActorTests.test_retries_order_disconnect_and_metadata) ... ok
test_stage_replacement_cleanup_targets_original (test_gama_actor.ActorTests.test_stage_replacement_cleanup_targets_original) ... ok
test_bad_numeric_values (test_gama_exchange.ExchangeTests.test_bad_numeric_values) ... ok
test_buffer_retry_order_seed_and_failed_update_atomicity (test_gama_exchange.ExchangeTests.test_buffer_retry_order_seed_and_failed_update_atomicity) ... ok
test_depth_is_mean_plane_not_wave_relative (test_gama_exchange.ExchangeTests.test_depth_is_mean_plane_not_wave_relative) ... ok
test_duplicate_ids_unsafe_names_and_unknown_fields (test_gama_exchange.ExchangeTests.test_duplicate_ids_unsafe_names_and_unknown_fields) ... ok
test_empty_snapshot_and_detached_status (test_gama_exchange.ExchangeTests.test_empty_snapshot_and_detached_status) ... ok
test_extension_lifecycle_and_routes_without_scene_dependencies (test_gama_exchange.ExchangeTests.test_extension_lifecycle_and_routes_without_scene_dependencies) ... ok
test_manual_example_and_default_version (test_gama_exchange.ExchangeTests.test_manual_example_and_default_version) ... ok
test_position_units_and_cardinal_headings (test_gama_exchange.ExchangeTests.test_position_units_and_cardinal_headings) ... ok
test_schema_matches_supported_states (test_gama_exchange.ExchangeTests.test_schema_matches_supported_states) ... ok
test_correlated_acknowledgement (test_gama_live.ProtocolTests.test_correlated_acknowledgement) ... ok
test_cycle_time_seed_and_geometry (test_gama_live.ProtocolTests.test_cycle_time_seed_and_geometry) ... ok
test_fail_closed_without_retries (test_gama_live.ProtocolTests.test_fail_closed_without_retries) ... ok
test_capture_gate_precedes_controller_updates (test_hidef_marine.MarineTests.test_capture_gate_precedes_controller_updates) ... ok
test_export_shape_mask_area_and_translation (test_hidef_marine.MarineTests.test_export_shape_mask_area_and_translation) ... ok
test_maps_match_independent_pixel_rays (test_hidef_marine.MarineTests.test_maps_match_independent_pixel_rays) ... ok
test_no_unscoped_setting_writes_or_engine_release (test_hidef_marine.MarineTests.test_no_unscoped_setting_writes_or_engine_release) ... ok
test_replay_reads_disk_not_dirty_cached_layer (test_hidef_marine.MarineTests.test_replay_reads_disk_not_dirty_cached_layer) ... ok
test_restore_reapplies_saved_values_and_preserves_unrelated_settings (test_hidef_marine.MarineTests.test_restore_reapplies_saved_values_and_preserves_unrelated_settings) ... ok
test_snapshot_freezes_samples_without_touching_source (test_hidef_marine.MarineTests.test_snapshot_freezes_samples_without_touching_source) ... ok
test_translated_camera_matches_pixel_rays (test_hidef_marine.MarineTests.test_translated_camera_matches_pixel_rays) ... ok
test_cores_cover_native_frame_once (test_native_tiles.NativeTilesTests.test_cores_cover_native_frame_once) ... ok
test_larger_guard_changes_neither_core_nor_native_rays (test_native_tiles.NativeTilesTests.test_larger_guard_changes_neither_core_nor_native_rays) ... ok
test_owned_sdk_product_has_exact_dimensions_and_camera (test_native_tiles.NativeTilesTests.test_owned_sdk_product_has_exact_dimensions_and_camera) ... ok
test_resolution_reset_restarts_settling (test_native_tiles.NativeTilesTests.test_resolution_reset_restarts_settling) ... ok
test_tile_projection_matches_native_rays (test_native_tiles.NativeTilesTests.test_tile_projection_matches_native_rays) ... ok
test_unstable_resolution_fails_closed (test_native_tiles.NativeTilesTests.test_unstable_resolution_fails_closed) ... ok
test_directional_maps_and_area (test_sony_camera.SonyTests.test_directional_maps_and_area) ... ok
test_native_geometry_independent_targets (test_sony_camera.SonyTests.test_native_geometry_independent_targets) ... ok
test_nine_metric_targets_cover_frame_and_fit (test_sony_camera.SonyTests.test_nine_metric_targets_cover_frame_and_fit) ... ok
test_preview_preserves_footprint_not_native_sampling (test_sony_camera.SonyTests.test_preview_preserves_footprint_not_native_sampling) ... ok
test_provenance_and_profile_isolation (test_sony_camera.SonyTests.test_provenance_and_profile_isolation) ... ok
test_usd_camera_matches_rays_without_changing_stage (test_sony_camera.SonyTests.test_usd_camera_matches_rays_without_changing_stage) ... ok

----------------------------------------------------------------------
Ran 118 tests in 2.049s

OK
